#0 building with "dandi-pixi-bench" instance using docker-container driver

#1 [internal] load build definition from Dockerfile.baseline
#1 transferring dockerfile: 3.94kB done
#1 DONE 0.0s

#2 resolve image config for docker-image://docker.io/docker/dockerfile:1
#2 DONE 0.1s

#3 docker-image://docker.io/docker/dockerfile:1@sha256:ecfaec9ed6d810b56388c508f4121597bfbba70d41a6dfeee4d8cad5f295fc32
#3 resolve docker.io/docker/dockerfile:1@sha256:ecfaec9ed6d810b56388c508f4121597bfbba70d41a6dfeee4d8cad5f295fc32 done
#3 CACHED

#4 [internal] load metadata for docker.io/library/neurodebian:trixie
#4 DONE 0.1s

#5 [internal] load .dockerignore
#5 transferring context: 77B done
#5 DONE 0.0s

#6 [core 1/7] FROM docker.io/library/neurodebian:trixie@sha256:90442b03d1539d20325c20279ec1b8a05267bdedcbdf3a6a79bab51496096d28
#6 resolve docker.io/library/neurodebian:trixie@sha256:90442b03d1539d20325c20279ec1b8a05267bdedcbdf3a6a79bab51496096d28 done
#6 DONE 0.0s

#7 [internal] load build context
#7 transferring context: 5.81kB done
#7 DONE 0.0s

#8 [core 3/7] RUN python3 -m venv "/opt/venv"
#8 CACHED

#9 [core 4/7] COPY repos/dandi-cache-utils/pyproject.toml repos/dandi-cache-utils/README.md /opt/dandi-cache-utils/
#9 CACHED

#10 [core 5/7] COPY repos/dandi-cache-utils/src /opt/dandi-cache-utils/src
#10 CACHED

#11 [core 2/7] RUN apt-get update     && apt-get install -y --no-install-recommends         ca-certificates         git         git-annex-standalone         python3         python3-pip         python3-venv     && rm -rf /var/lib/apt/lists/*
#11 CACHED

#12 [core 6/7] RUN chmod +x /opt/dandi-cache-utils/src/dandi_cache_utils/pipeline/*.sh
#12 CACHED

#13 [core 7/7] RUN pip install "/opt/dandi-cache-utils[s3,archive]"
#13 CACHED

#14 [nwb 1/1] RUN pip install "/opt/dandi-cache-utils[nwb]" humanfriendly
#14 0.380 Processing /opt/dandi-cache-utils
#14 0.383   Installing build dependencies: started
#14 2.638   Installing build dependencies: finished with status 'done'
#14 2.640   Getting requirements to build wheel: started
#14 2.821   Getting requirements to build wheel: finished with status 'done'
#14 2.823   Preparing metadata (pyproject.toml): started
#14 3.020   Preparing metadata (pyproject.toml): finished with status 'done'
#14 3.274 Collecting humanfriendly
#14 3.467   Downloading humanfriendly-10.0-py2.py3-none-any.whl.metadata (9.2 kB)
#14 3.478 Requirement already satisfied: rich-click in /opt/venv/lib/python3.13/site-packages (from dandi-cache-utils==0.1.8) (1.9.9)
#14 3.482 Requirement already satisfied: h5py in /opt/venv/lib/python3.13/site-packages (from dandi-cache-utils==0.1.8) (3.16.0)
#14 3.558 Collecting hdmf-zarr (from dandi-cache-utils==0.1.8)
#14 3.623   Downloading hdmf_zarr-0.13.0-py3-none-any.whl.metadata (5.5 kB)
#14 3.633 Requirement already satisfied: nwbinspector in /opt/venv/lib/python3.13/site-packages (from dandi-cache-utils==0.1.8) (0.7.2)
#14 3.636 Requirement already satisfied: pynwb in /opt/venv/lib/python3.13/site-packages (from dandi-cache-utils==0.1.8) (4.2.0)
#14 3.708 Collecting remfile (from dandi-cache-utils==0.1.8)
#14 3.774   Downloading remfile-0.1.14-py3-none-any.whl.metadata (3.9 kB)
#14 3.874 Collecting s3fs (from dandi-cache-utils==0.1.8)
#14 3.933   Downloading s3fs-2026.7.0-py3-none-any.whl.metadata (1.2 kB)
#14 4.038 Collecting zarr<3 (from dandi-cache-utils==0.1.8)
#14 4.098   Downloading zarr-2.18.7-py3-none-any.whl.metadata (5.8 kB)
#14 4.170 Collecting asciitree (from zarr<3->dandi-cache-utils==0.1.8)
#14 4.230   Downloading asciitree-0.3.3.tar.gz (4.0 kB)
#14 4.241   Installing build dependencies: started
#14 5.676   Installing build dependencies: finished with status 'done'
#14 5.676   Getting requirements to build wheel: started
#14 5.963   Getting requirements to build wheel: finished with status 'done'
#14 5.964   Preparing metadata (pyproject.toml): started
#14 6.168   Preparing metadata (pyproject.toml): finished with status 'done'
#14 6.169 Requirement already satisfied: numpy>=1.24 in /opt/venv/lib/python3.13/site-packages (from zarr<3->dandi-cache-utils==0.1.8) (2.5.3)
#14 6.170 Requirement already satisfied: fasteners in /opt/venv/lib/python3.13/site-packages (from zarr<3->dandi-cache-utils==0.1.8) (0.20)
#14 6.302 Collecting numcodecs!=0.14.0,!=0.14.1,<0.16,>=0.10.0 (from zarr<3->dandi-cache-utils==0.1.8)
#14 6.362   Downloading numcodecs-0.15.1-cp313-cp313-manylinux_2_17_x86_64.manylinux2014_x86_64.whl.metadata (2.9 kB)
#14 6.432 Collecting deprecated (from numcodecs!=0.14.0,!=0.14.1,<0.16,>=0.10.0->zarr<3->dandi-cache-utils==0.1.8)
#14 6.491   Downloading deprecated-1.3.1-py2.py3-none-any.whl.metadata (5.9 kB)
#14 6.871 Collecting wrapt<3,>=1.10 (from deprecated->numcodecs!=0.14.0,!=0.14.1,<0.16,>=0.10.0->zarr<3->dandi-cache-utils==0.1.8)
#14 6.925   Downloading wrapt-2.4.1-cp313-cp313-manylinux1_x86_64.manylinux_2_28_x86_64.manylinux_2_5_x86_64.whl.metadata (7.4 kB)
#14 6.935 Requirement already satisfied: hdmf>=4.1.0 in /opt/venv/lib/python3.13/site-packages (from hdmf-zarr->dandi-cache-utils==0.1.8) (6.2.0)
#14 6.997 Collecting threadpoolctl>=3.1.0 (from hdmf-zarr->dandi-cache-utils==0.1.8)
#14 7.056   Downloading threadpoolctl-3.7.0-py3-none-any.whl.metadata (24 kB)
#14 7.078 Requirement already satisfied: jsonschema>=3.2.0 in /opt/venv/lib/python3.13/site-packages (from hdmf>=4.1.0->hdmf-zarr->dandi-cache-utils==0.1.8) (4.26.0)
#14 7.079 Requirement already satisfied: pandas>=1.4.0 in /opt/venv/lib/python3.13/site-packages (from hdmf>=4.1.0->hdmf-zarr->dandi-cache-utils==0.1.8) (3.0.5)
#14 7.080 Requirement already satisfied: ruamel-yaml>=0.16 in /opt/venv/lib/python3.13/site-packages (from hdmf>=4.1.0->hdmf-zarr->dandi-cache-utils==0.1.8) (0.19.1)
#14 7.083 Requirement already satisfied: attrs>=22.2.0 in /opt/venv/lib/python3.13/site-packages (from jsonschema>=3.2.0->hdmf>=4.1.0->hdmf-zarr->dandi-cache-utils==0.1.8) (26.1.0)
#14 7.083 Requirement already satisfied: jsonschema-specifications>=2023.03.6 in /opt/venv/lib/python3.13/site-packages (from jsonschema>=3.2.0->hdmf>=4.1.0->hdmf-zarr->dandi-cache-utils==0.1.8) (2025.9.1)
#14 7.083 Requirement already satisfied: referencing>=0.28.4 in /opt/venv/lib/python3.13/site-packages (from jsonschema>=3.2.0->hdmf>=4.1.0->hdmf-zarr->dandi-cache-utils==0.1.8) (0.37.0)
#14 7.084 Requirement already satisfied: rpds-py>=0.25.0 in /opt/venv/lib/python3.13/site-packages (from jsonschema>=3.2.0->hdmf>=4.1.0->hdmf-zarr->dandi-cache-utils==0.1.8) (2026.6.3)
#14 7.091 Requirement already satisfied: python-dateutil>=2.8.2 in /opt/venv/lib/python3.13/site-packages (from pandas>=1.4.0->hdmf>=4.1.0->hdmf-zarr->dandi-cache-utils==0.1.8) (2.9.0.post0)
#14 7.099 Requirement already satisfied: platformdirs>=4.2.2 in /opt/venv/lib/python3.13/site-packages (from pynwb->dandi-cache-utils==0.1.8) (4.11.9)
#14 7.101 Requirement already satisfied: six>=1.5 in /opt/venv/lib/python3.13/site-packages (from python-dateutil>=2.8.2->pandas>=1.4.0->hdmf>=4.1.0->hdmf-zarr->dandi-cache-utils==0.1.8) (1.17.0)
#14 7.105 Requirement already satisfied: aiohttp in /opt/venv/lib/python3.13/site-packages (from nwbinspector->dandi-cache-utils==0.1.8) (3.14.3)
#14 7.105 Requirement already satisfied: click in /opt/venv/lib/python3.13/site-packages (from nwbinspector->dandi-cache-utils==0.1.8) (8.5.0)
#14 7.106 Requirement already satisfied: fsspec in /opt/venv/lib/python3.13/site-packages (from nwbinspector->dandi-cache-utils==0.1.8) (2026.7.0)
#14 7.106 Requirement already satisfied: isodate in /opt/venv/lib/python3.13/site-packages (from nwbinspector->dandi-cache-utils==0.1.8) (0.7.2)
#14 7.106 Requirement already satisfied: natsort in /opt/venv/lib/python3.13/site-packages (from nwbinspector->dandi-cache-utils==0.1.8) (8.4.0)
#14 7.107 Requirement already satisfied: packaging in /opt/venv/lib/python3.13/site-packages (from nwbinspector->dandi-cache-utils==0.1.8) (26.3)
#14 7.107 Requirement already satisfied: pyyaml in /opt/venv/lib/python3.13/site-packages (from nwbinspector->dandi-cache-utils==0.1.8) (6.0.3)
#14 7.107 Requirement already satisfied: requests in /opt/venv/lib/python3.13/site-packages (from nwbinspector->dandi-cache-utils==0.1.8) (2.34.2)
#14 7.108 Requirement already satisfied: tqdm in /opt/venv/lib/python3.13/site-packages (from nwbinspector->dandi-cache-utils==0.1.8) (4.70.1)
#14 7.109 Requirement already satisfied: aiohappyeyeballs>=2.5.0 in /opt/venv/lib/python3.13/site-packages (from aiohttp->nwbinspector->dandi-cache-utils==0.1.8) (2.7.1)
#14 7.110 Requirement already satisfied: aiosignal>=1.4.0 in /opt/venv/lib/python3.13/site-packages (from aiohttp->nwbinspector->dandi-cache-utils==0.1.8) (1.4.0)
#14 7.110 Requirement already satisfied: frozenlist>=1.1.1 in /opt/venv/lib/python3.13/site-packages (from aiohttp->nwbinspector->dandi-cache-utils==0.1.8) (1.8.0)
#14 7.111 Requirement already satisfied: multidict<7.0,>=4.5 in /opt/venv/lib/python3.13/site-packages (from aiohttp->nwbinspector->dandi-cache-utils==0.1.8) (6.8.0)
#14 7.111 Requirement already satisfied: propcache>=0.2.0 in /opt/venv/lib/python3.13/site-packages (from aiohttp->nwbinspector->dandi-cache-utils==0.1.8) (0.5.4)
#14 7.112 Requirement already satisfied: yarl<2.0,>=1.17.0 in /opt/venv/lib/python3.13/site-packages (from aiohttp->nwbinspector->dandi-cache-utils==0.1.8) (1.25.1)
#14 7.115 Requirement already satisfied: idna>=2.0 in /opt/venv/lib/python3.13/site-packages (from yarl<2.0,>=1.17.0->aiohttp->nwbinspector->dandi-cache-utils==0.1.8) (3.20)
#14 7.129 Requirement already satisfied: charset_normalizer<4,>=2 in /opt/venv/lib/python3.13/site-packages (from requests->nwbinspector->dandi-cache-utils==0.1.8) (3.5.1)
#14 7.129 Requirement already satisfied: urllib3<3,>=1.26 in /opt/venv/lib/python3.13/site-packages (from requests->nwbinspector->dandi-cache-utils==0.1.8) (2.8.0)
#14 7.130 Requirement already satisfied: certifi>=2023.5.7 in /opt/venv/lib/python3.13/site-packages (from requests->nwbinspector->dandi-cache-utils==0.1.8) (2026.7.22)
#14 7.133 Requirement already satisfied: rich>=12 in /opt/venv/lib/python3.13/site-packages (from rich-click->dandi-cache-utils==0.1.8) (15.0.0)
#14 7.134 Requirement already satisfied: markdown-it-py>=2.2.0 in /opt/venv/lib/python3.13/site-packages (from rich>=12->rich-click->dandi-cache-utils==0.1.8) (4.2.0)
#14 7.135 Requirement already satisfied: pygments<3.0.0,>=2.13.0 in /opt/venv/lib/python3.13/site-packages (from rich>=12->rich-click->dandi-cache-utils==0.1.8) (2.21.0)
#14 7.136 Requirement already satisfied: mdurl~=0.1 in /opt/venv/lib/python3.13/site-packages (from markdown-it-py>=2.2.0->rich>=12->rich-click->dandi-cache-utils==0.1.8) (0.1.2)
#14 7.212 Collecting aiobotocore<4.0.0,>=2.19.0 (from s3fs->dandi-cache-utils==0.1.8)
#14 7.268   Downloading aiobotocore-3.9.1-py3-none-any.whl.metadata (31 kB)
#14 7.349 Collecting aioitertools<1.0.0,>=0.5.1 (from aiobotocore<4.0.0,>=2.19.0->s3fs->dandi-cache-utils==0.1.8)
#14 7.406   Downloading aioitertools-0.13.0-py3-none-any.whl.metadata (3.3 kB)
#14 7.677 Collecting botocore<1.43.76,>=1.43.66 (from aiobotocore<4.0.0,>=2.19.0->s3fs->dandi-cache-utils==0.1.8)
#14 7.733   Downloading botocore-1.43.75-py3-none-any.whl.metadata (5.6 kB)
#14 7.735 Requirement already satisfied: jmespath<2.0.0,>=0.7.1 in /opt/venv/lib/python3.13/site-packages (from aiobotocore<4.0.0,>=2.19.0->s3fs->dandi-cache-utils==0.1.8) (1.1.0)
#14 7.804 Downloading zarr-2.18.7-py3-none-any.whl (211 kB)
#14 7.976 Downloading numcodecs-0.15.1-cp313-cp313-manylinux_2_17_x86_64.manylinux2014_x86_64.whl (8.8 MB)
#14 8.441    ━━━━━━━━━━━━━━━━━━━━━━━━━━━━━━━━━━━━━━━━ 8.8/8.8 MB 19.4 MB/s eta 0:00:00
#14 8.496 Downloading humanfriendly-10.0-py2.py3-none-any.whl (86 kB)
#14 8.553 Downloading deprecated-1.3.1-py2.py3-none-any.whl (11 kB)
#14 8.612 Downloading wrapt-2.4.1-cp313-cp313-manylinux1_x86_64.manylinux_2_28_x86_64.manylinux_2_5_x86_64.whl (234 kB)
#14 8.679 Downloading hdmf_zarr-0.13.0-py3-none-any.whl (34 kB)
#14 8.740 Downloading threadpoolctl-3.7.0-py3-none-any.whl (26 kB)
#14 8.804 Downloading remfile-0.1.14-py3-none-any.whl (13 kB)
#14 8.865 Downloading s3fs-2026.7.0-py3-none-any.whl (32 kB)
#14 8.926 Downloading aiobotocore-3.9.1-py3-none-any.whl (102 kB)
#14 8.988 Downloading aioitertools-0.13.0-py3-none-any.whl (24 kB)
#14 9.063 Downloading botocore-1.43.75-py3-none-any.whl (15.7 MB)
#14 9.402    ━━━━━━━━━━━━━━━━━━━━━━━━━━━━━━━━━━━━━━━━ 15.7/15.7 MB 46.6 MB/s eta 0:00:00
#14 9.458 Building wheels for collected packages: dandi-cache-utils, asciitree
#14 9.459   Building wheel for dandi-cache-utils (pyproject.toml): started
#14 9.560   Building wheel for dandi-cache-utils (pyproject.toml): finished with status 'done'
#14 9.560   Created wheel for dandi-cache-utils: filename=dandi_cache_utils-0.1.8-py3-none-any.whl size=47122 sha256=873b215d92cb7078b2d04b33adea0644d701e8f5985f3996848f6446d942c47e
#14 9.561   Stored in directory: /tmp/pip-ephem-wheel-cache-2flp4t_n/wheels/45/1f/8c/2672006fb65fcb4b823d2aad1e9715eca14bdd90457cb3220a
#14 9.563   Building wheel for asciitree (pyproject.toml): started
#14 9.792   Building wheel for asciitree (pyproject.toml): finished with status 'done'
#14 9.793   Created wheel for asciitree: filename=asciitree-0.3.3-py3-none-any.whl size=5097 sha256=ad6f703969ea4b30f22fb8090ceb286e68dd8c3aa128b704ef029490bc523308
#14 9.793   Stored in directory: /tmp/pip-ephem-wheel-cache-2flp4t_n/wheels/0e/70/f0/bff6301cfa0d49afa79c020bc98c114a9b9c6b3048e62e3200
#14 9.795 Successfully built dandi-cache-utils asciitree
#14 9.854 Installing collected packages: asciitree, wrapt, threadpoolctl, humanfriendly, aioitertools, remfile, deprecated, botocore, numcodecs, aiobotocore, zarr, s3fs, dandi-cache-utils, hdmf-zarr
#14 9.946   Attempting uninstall: botocore
#14 9.949     Found existing installation: botocore 1.43.97
#14 9.980     Uninstalling botocore-1.43.97:
#14 10.60       Successfully uninstalled botocore-1.43.97
#14 10.85   Attempting uninstall: numcodecs
#14 10.85     Found existing installation: numcodecs 0.17.0
#14 10.85     Uninstalling numcodecs-0.17.0:
#14 10.86       Successfully uninstalled numcodecs-0.17.0
#14 11.00   Attempting uninstall: zarr
#14 11.00     Found existing installation: zarr 3.1.5
#14 11.01     Uninstalling zarr-3.1.5:
#14 11.03       Successfully uninstalled zarr-3.1.5
#14 11.15   Attempting uninstall: dandi-cache-utils
#14 11.15     Found existing installation: dandi-cache-utils 0.1.8
#14 11.16     Uninstalling dandi-cache-utils-0.1.8:
#14 11.16       Successfully uninstalled dandi-cache-utils-0.1.8
#14 11.19 
#14 11.20 ERROR: pip's dependency resolver does not currently take into account all the packages that are installed. This behaviour is the source of the following dependency conflicts.
#14 11.20 boto3 1.43.97 requires botocore<1.44.0,>=1.43.97, but you have botocore 1.43.75 which is incompatible.
#14 11.20 Successfully installed aiobotocore-3.9.1 aioitertools-0.13.0 asciitree-0.3.3 botocore-1.43.75 dandi-cache-utils-0.1.8 deprecated-1.3.1 hdmf-zarr-0.13.0 humanfriendly-10.0 numcodecs-0.15.1 remfile-0.1.14 s3fs-2026.7.0 threadpoolctl-3.7.0 wrapt-2.4.1 zarr-2.18.7
#14 DONE 11.4s

#15 [nwb-cache 1/2] COPY repos/valid-nwb-file-to-number-of-groups/envs/pyproject.toml /tmp/build/pyproject.toml
#15 DONE 0.0s

#16 [nwb-cache 2/2] RUN pip install /tmp/build && rm -rf /tmp/build
#16 0.360 Processing /tmp/build
#16 0.364   Installing build dependencies: started
#16 1.763   Installing build dependencies: finished with status 'done'
#16 1.765   Getting requirements to build wheel: started
#16 2.214   Getting requirements to build wheel: finished with status 'done'
#16 2.217   Preparing metadata (pyproject.toml): started
#16 2.439   Preparing metadata (pyproject.toml): finished with status 'done'
#16 2.444 Building wheels for collected packages: valid-nwb-file-to-number-of-groups
#16 2.445   Building wheel for valid-nwb-file-to-number-of-groups (pyproject.toml): started
#16 2.676   Building wheel for valid-nwb-file-to-number-of-groups (pyproject.toml): finished with status 'done'
#16 2.677   Created wheel for valid-nwb-file-to-number-of-groups: filename=valid_nwb_file_to_number_of_groups-0.1.0-py3-none-any.whl size=1297 sha256=ffb18be0a885e159c12d2f14fadf2f49488dddc7f3b4652e2f6630c60ca6d2bd
#16 2.677   Stored in directory: /tmp/pip-ephem-wheel-cache-7yd80ubl/wheels/42/3b/90/614567dfd92fde5cfa8077714452698d7c0501dbc78eecd2bd
#16 2.681 Successfully built valid-nwb-file-to-number-of-groups
#16 2.745 Installing collected packages: valid-nwb-file-to-number-of-groups
#16 2.758 Successfully installed valid-nwb-file-to-number-of-groups-0.1.0
#16 DONE 2.8s

#17 exporting to oci image format
#17 exporting layers
#17 exporting layers 1.1s done
#17 exporting manifest sha256:26543d1db5ed907bef6793efa80813796cb02d7396228f98d6aa88ab785139b3 done
#17 exporting config sha256:40fcfa74be4262aa18b274e4d3ab482e14ef4860e1abb5cb5e75c7c33d32f8ae done
#17 sending tarball
#17 sending tarball 2.0s done
#17 DONE 3.1s
