#0 building with "dandi-pixi-bench" instance using docker-container driver

#1 [internal] load build definition from Dockerfile.baseline
#1 transferring dockerfile: 3.93kB done
#1 DONE 0.0s

#2 resolve image config for docker-image://docker.io/docker/dockerfile:1
#2 DONE 0.3s

#3 docker-image://docker.io/docker/dockerfile:1@sha256:ecfaec9ed6d810b56388c508f4121597bfbba70d41a6dfeee4d8cad5f295fc32
#3 resolve docker.io/docker/dockerfile:1@sha256:ecfaec9ed6d810b56388c508f4121597bfbba70d41a6dfeee4d8cad5f295fc32 done
#3 CACHED

#4 [internal] load metadata for docker.io/library/neurodebian:trixie
#4 DONE 0.1s

#5 [internal] load .dockerignore
#5 transferring context: 77B done
#5 DONE 0.0s

#6 [core 1/7] FROM docker.io/library/neurodebian:trixie@sha256:90442b03d1539d20325c20279ec1b8a05267bdedcbdf3a6a79bab51496096d28
#6 resolve docker.io/library/neurodebian:trixie@sha256:90442b03d1539d20325c20279ec1b8a05267bdedcbdf3a6a79bab51496096d28 done
#6 DONE 0.0s

#7 [internal] load build context
#7 transferring context: 1.62kB done
#7 DONE 0.0s

#8 [core 3/7] RUN python3 -m venv "/opt/venv"
#8 CACHED

#9 [core 5/7] COPY repos/dandi-cache-utils/src /opt/dandi-cache-utils/src
#9 CACHED

#10 [core 6/7] RUN chmod +x /opt/dandi-cache-utils/src/dandi_cache_utils/pipeline/*.sh
#10 CACHED

#11 [core 4/7] COPY repos/dandi-cache-utils/pyproject.toml repos/dandi-cache-utils/README.md /opt/dandi-cache-utils/
#11 CACHED

#12 [core 2/7] RUN apt-get update     && apt-get install -y --no-install-recommends         ca-certificates         git         git-annex-standalone         python3         python3-pip         python3-venv     && rm -rf /var/lib/apt/lists/*
#12 CACHED

#13 [core 7/7] RUN pip install "/opt/dandi-cache-utils[s3,archive]"
#13 CACHED

#14 [nwb 1/1] RUN pip install "/opt/dandi-cache-utils[nwb]"
#14 0.367 Processing /opt/dandi-cache-utils
#14 0.370   Installing build dependencies: started
#14 2.552   Installing build dependencies: finished with status 'done'
#14 2.554   Getting requirements to build wheel: started
#14 2.741   Getting requirements to build wheel: finished with status 'done'
#14 2.743   Preparing metadata (pyproject.toml): started
#14 2.948   Preparing metadata (pyproject.toml): finished with status 'done'
#14 2.954 Requirement already satisfied: rich-click in /opt/venv/lib/python3.13/site-packages (from dandi-cache-utils==0.1.8) (1.9.9)
#14 2.955 Requirement already satisfied: h5py in /opt/venv/lib/python3.13/site-packages (from dandi-cache-utils==0.1.8) (3.16.0)
#14 3.180 Collecting hdmf-zarr (from dandi-cache-utils==0.1.8)
#14 3.364   Downloading hdmf_zarr-0.13.0-py3-none-any.whl.metadata (5.5 kB)
#14 3.373 Requirement already satisfied: nwbinspector in /opt/venv/lib/python3.13/site-packages (from dandi-cache-utils==0.1.8) (0.7.2)
#14 3.374 Requirement already satisfied: pynwb in /opt/venv/lib/python3.13/site-packages (from dandi-cache-utils==0.1.8) (4.2.0)
#14 3.446 Collecting remfile (from dandi-cache-utils==0.1.8)
#14 3.507   Downloading remfile-0.1.14-py3-none-any.whl.metadata (3.9 kB)
#14 3.605 Collecting s3fs (from dandi-cache-utils==0.1.8)
#14 3.663   Downloading s3fs-2026.7.0-py3-none-any.whl.metadata (1.2 kB)
#14 3.766 Collecting zarr<3 (from dandi-cache-utils==0.1.8)
#14 3.826   Downloading zarr-2.18.7-py3-none-any.whl.metadata (5.8 kB)
#14 3.894 Collecting asciitree (from zarr<3->dandi-cache-utils==0.1.8)
#14 3.961   Downloading asciitree-0.3.3.tar.gz (4.0 kB)
#14 3.972   Installing build dependencies: started
#14 5.357   Installing build dependencies: finished with status 'done'
#14 5.357   Getting requirements to build wheel: started
#14 5.651   Getting requirements to build wheel: finished with status 'done'
#14 5.652   Preparing metadata (pyproject.toml): started
#14 5.870   Preparing metadata (pyproject.toml): finished with status 'done'
#14 5.871 Requirement already satisfied: numpy>=1.24 in /opt/venv/lib/python3.13/site-packages (from zarr<3->dandi-cache-utils==0.1.8) (2.5.3)
#14 5.872 Requirement already satisfied: fasteners in /opt/venv/lib/python3.13/site-packages (from zarr<3->dandi-cache-utils==0.1.8) (0.20)
#14 6.005 Collecting numcodecs!=0.14.0,!=0.14.1,<0.16,>=0.10.0 (from zarr<3->dandi-cache-utils==0.1.8)
#14 6.065   Downloading numcodecs-0.15.1-cp313-cp313-manylinux_2_17_x86_64.manylinux2014_x86_64.whl.metadata (2.9 kB)
#14 6.128 Collecting deprecated (from numcodecs!=0.14.0,!=0.14.1,<0.16,>=0.10.0->zarr<3->dandi-cache-utils==0.1.8)
#14 6.185   Downloading deprecated-1.3.1-py2.py3-none-any.whl.metadata (5.9 kB)
#14 6.564 Collecting wrapt<3,>=1.10 (from deprecated->numcodecs!=0.14.0,!=0.14.1,<0.16,>=0.10.0->zarr<3->dandi-cache-utils==0.1.8)
#14 6.619   Downloading wrapt-2.4.1-cp313-cp313-manylinux1_x86_64.manylinux_2_28_x86_64.manylinux_2_5_x86_64.whl.metadata (7.4 kB)
#14 6.626 Requirement already satisfied: hdmf>=4.1.0 in /opt/venv/lib/python3.13/site-packages (from hdmf-zarr->dandi-cache-utils==0.1.8) (6.2.0)
#14 6.686 Collecting threadpoolctl>=3.1.0 (from hdmf-zarr->dandi-cache-utils==0.1.8)
#14 6.742   Downloading threadpoolctl-3.7.0-py3-none-any.whl.metadata (24 kB)
#14 6.762 Requirement already satisfied: jsonschema>=3.2.0 in /opt/venv/lib/python3.13/site-packages (from hdmf>=4.1.0->hdmf-zarr->dandi-cache-utils==0.1.8) (4.26.0)
#14 6.763 Requirement already satisfied: pandas>=1.4.0 in /opt/venv/lib/python3.13/site-packages (from hdmf>=4.1.0->hdmf-zarr->dandi-cache-utils==0.1.8) (3.0.5)
#14 6.763 Requirement already satisfied: ruamel-yaml>=0.16 in /opt/venv/lib/python3.13/site-packages (from hdmf>=4.1.0->hdmf-zarr->dandi-cache-utils==0.1.8) (0.19.1)
#14 6.765 Requirement already satisfied: attrs>=22.2.0 in /opt/venv/lib/python3.13/site-packages (from jsonschema>=3.2.0->hdmf>=4.1.0->hdmf-zarr->dandi-cache-utils==0.1.8) (26.1.0)
#14 6.765 Requirement already satisfied: jsonschema-specifications>=2023.03.6 in /opt/venv/lib/python3.13/site-packages (from jsonschema>=3.2.0->hdmf>=4.1.0->hdmf-zarr->dandi-cache-utils==0.1.8) (2025.9.1)
#14 6.766 Requirement already satisfied: referencing>=0.28.4 in /opt/venv/lib/python3.13/site-packages (from jsonschema>=3.2.0->hdmf>=4.1.0->hdmf-zarr->dandi-cache-utils==0.1.8) (0.37.0)
#14 6.766 Requirement already satisfied: rpds-py>=0.25.0 in /opt/venv/lib/python3.13/site-packages (from jsonschema>=3.2.0->hdmf>=4.1.0->hdmf-zarr->dandi-cache-utils==0.1.8) (2026.6.3)
#14 6.771 Requirement already satisfied: python-dateutil>=2.8.2 in /opt/venv/lib/python3.13/site-packages (from pandas>=1.4.0->hdmf>=4.1.0->hdmf-zarr->dandi-cache-utils==0.1.8) (2.9.0.post0)
#14 6.776 Requirement already satisfied: platformdirs>=4.2.2 in /opt/venv/lib/python3.13/site-packages (from pynwb->dandi-cache-utils==0.1.8) (4.11.9)
#14 6.778 Requirement already satisfied: six>=1.5 in /opt/venv/lib/python3.13/site-packages (from python-dateutil>=2.8.2->pandas>=1.4.0->hdmf>=4.1.0->hdmf-zarr->dandi-cache-utils==0.1.8) (1.17.0)
#14 6.782 Requirement already satisfied: aiohttp in /opt/venv/lib/python3.13/site-packages (from nwbinspector->dandi-cache-utils==0.1.8) (3.14.3)
#14 6.782 Requirement already satisfied: click in /opt/venv/lib/python3.13/site-packages (from nwbinspector->dandi-cache-utils==0.1.8) (8.5.0)
#14 6.782 Requirement already satisfied: fsspec in /opt/venv/lib/python3.13/site-packages (from nwbinspector->dandi-cache-utils==0.1.8) (2026.7.0)
#14 6.783 Requirement already satisfied: isodate in /opt/venv/lib/python3.13/site-packages (from nwbinspector->dandi-cache-utils==0.1.8) (0.7.2)
#14 6.783 Requirement already satisfied: natsort in /opt/venv/lib/python3.13/site-packages (from nwbinspector->dandi-cache-utils==0.1.8) (8.4.0)
#14 6.783 Requirement already satisfied: packaging in /opt/venv/lib/python3.13/site-packages (from nwbinspector->dandi-cache-utils==0.1.8) (26.3)
#14 6.784 Requirement already satisfied: pyyaml in /opt/venv/lib/python3.13/site-packages (from nwbinspector->dandi-cache-utils==0.1.8) (6.0.3)
#14 6.784 Requirement already satisfied: requests in /opt/venv/lib/python3.13/site-packages (from nwbinspector->dandi-cache-utils==0.1.8) (2.34.2)
#14 6.784 Requirement already satisfied: tqdm in /opt/venv/lib/python3.13/site-packages (from nwbinspector->dandi-cache-utils==0.1.8) (4.70.1)
#14 6.785 Requirement already satisfied: aiohappyeyeballs>=2.5.0 in /opt/venv/lib/python3.13/site-packages (from aiohttp->nwbinspector->dandi-cache-utils==0.1.8) (2.7.1)
#14 6.786 Requirement already satisfied: aiosignal>=1.4.0 in /opt/venv/lib/python3.13/site-packages (from aiohttp->nwbinspector->dandi-cache-utils==0.1.8) (1.4.0)
#14 6.786 Requirement already satisfied: frozenlist>=1.1.1 in /opt/venv/lib/python3.13/site-packages (from aiohttp->nwbinspector->dandi-cache-utils==0.1.8) (1.8.0)
#14 6.786 Requirement already satisfied: multidict<7.0,>=4.5 in /opt/venv/lib/python3.13/site-packages (from aiohttp->nwbinspector->dandi-cache-utils==0.1.8) (6.8.0)
#14 6.787 Requirement already satisfied: propcache>=0.2.0 in /opt/venv/lib/python3.13/site-packages (from aiohttp->nwbinspector->dandi-cache-utils==0.1.8) (0.5.4)
#14 6.787 Requirement already satisfied: yarl<2.0,>=1.17.0 in /opt/venv/lib/python3.13/site-packages (from aiohttp->nwbinspector->dandi-cache-utils==0.1.8) (1.25.1)
#14 6.790 Requirement already satisfied: idna>=2.0 in /opt/venv/lib/python3.13/site-packages (from yarl<2.0,>=1.17.0->aiohttp->nwbinspector->dandi-cache-utils==0.1.8) (3.20)
#14 6.802 Requirement already satisfied: charset_normalizer<4,>=2 in /opt/venv/lib/python3.13/site-packages (from requests->nwbinspector->dandi-cache-utils==0.1.8) (3.5.1)
#14 6.803 Requirement already satisfied: urllib3<3,>=1.26 in /opt/venv/lib/python3.13/site-packages (from requests->nwbinspector->dandi-cache-utils==0.1.8) (2.8.0)
#14 6.803 Requirement already satisfied: certifi>=2023.5.7 in /opt/venv/lib/python3.13/site-packages (from requests->nwbinspector->dandi-cache-utils==0.1.8) (2026.7.22)
#14 6.807 Requirement already satisfied: rich>=12 in /opt/venv/lib/python3.13/site-packages (from rich-click->dandi-cache-utils==0.1.8) (15.0.0)
#14 6.808 Requirement already satisfied: markdown-it-py>=2.2.0 in /opt/venv/lib/python3.13/site-packages (from rich>=12->rich-click->dandi-cache-utils==0.1.8) (4.2.0)
#14 6.809 Requirement already satisfied: pygments<3.0.0,>=2.13.0 in /opt/venv/lib/python3.13/site-packages (from rich>=12->rich-click->dandi-cache-utils==0.1.8) (2.21.0)
#14 6.810 Requirement already satisfied: mdurl~=0.1 in /opt/venv/lib/python3.13/site-packages (from markdown-it-py>=2.2.0->rich>=12->rich-click->dandi-cache-utils==0.1.8) (0.1.2)
#14 6.883 Collecting aiobotocore<4.0.0,>=2.19.0 (from s3fs->dandi-cache-utils==0.1.8)
#14 6.939   Downloading aiobotocore-3.9.1-py3-none-any.whl.metadata (31 kB)
#14 7.017 Collecting aioitertools<1.0.0,>=0.5.1 (from aiobotocore<4.0.0,>=2.19.0->s3fs->dandi-cache-utils==0.1.8)
#14 7.074   Downloading aioitertools-0.13.0-py3-none-any.whl.metadata (3.3 kB)
#14 7.344 Collecting botocore<1.43.76,>=1.43.66 (from aiobotocore<4.0.0,>=2.19.0->s3fs->dandi-cache-utils==0.1.8)
#14 7.405   Downloading botocore-1.43.75-py3-none-any.whl.metadata (5.6 kB)
#14 7.408 Requirement already satisfied: jmespath<2.0.0,>=0.7.1 in /opt/venv/lib/python3.13/site-packages (from aiobotocore<4.0.0,>=2.19.0->s3fs->dandi-cache-utils==0.1.8) (1.1.0)
#14 7.476 Downloading zarr-2.18.7-py3-none-any.whl (211 kB)
#14 7.646 Downloading numcodecs-0.15.1-cp313-cp313-manylinux_2_17_x86_64.manylinux2014_x86_64.whl (8.8 MB)
#14 8.111    ━━━━━━━━━━━━━━━━━━━━━━━━━━━━━━━━━━━━━━━━ 8.8/8.8 MB 19.5 MB/s eta 0:00:00
#14 8.167 Downloading deprecated-1.3.1-py2.py3-none-any.whl (11 kB)
#14 8.229 Downloading wrapt-2.4.1-cp313-cp313-manylinux1_x86_64.manylinux_2_28_x86_64.manylinux_2_5_x86_64.whl (234 kB)
#14 8.288 Downloading hdmf_zarr-0.13.0-py3-none-any.whl (34 kB)
#14 8.348 Downloading threadpoolctl-3.7.0-py3-none-any.whl (26 kB)
#14 8.408 Downloading remfile-0.1.14-py3-none-any.whl (13 kB)
#14 8.466 Downloading s3fs-2026.7.0-py3-none-any.whl (32 kB)
#14 8.528 Downloading aiobotocore-3.9.1-py3-none-any.whl (102 kB)
#14 8.590 Downloading aioitertools-0.13.0-py3-none-any.whl (24 kB)
#14 8.652 Downloading botocore-1.43.75-py3-none-any.whl (15.7 MB)
#14 8.943    ━━━━━━━━━━━━━━━━━━━━━━━━━━━━━━━━━━━━━━━━ 15.7/15.7 MB 55.4 MB/s eta 0:00:00
#14 8.999 Building wheels for collected packages: dandi-cache-utils, asciitree
#14 9.000   Building wheel for dandi-cache-utils (pyproject.toml): started
#14 9.105   Building wheel for dandi-cache-utils (pyproject.toml): finished with status 'done'
#14 9.106   Created wheel for dandi-cache-utils: filename=dandi_cache_utils-0.1.8-py3-none-any.whl size=47122 sha256=873b215d92cb7078b2d04b33adea0644d701e8f5985f3996848f6446d942c47e
#14 9.106   Stored in directory: /tmp/pip-ephem-wheel-cache-82ssukv5/wheels/45/1f/8c/2672006fb65fcb4b823d2aad1e9715eca14bdd90457cb3220a
#14 9.108   Building wheel for asciitree (pyproject.toml): started
#14 9.360   Building wheel for asciitree (pyproject.toml): finished with status 'done'
#14 9.361   Created wheel for asciitree: filename=asciitree-0.3.3-py3-none-any.whl size=5097 sha256=a4677e78845def165eaab3e83ff5b8c41aecf9bb5622a0fe01c8100ee27dcc85
#14 9.361   Stored in directory: /tmp/pip-ephem-wheel-cache-82ssukv5/wheels/0e/70/f0/bff6301cfa0d49afa79c020bc98c114a9b9c6b3048e62e3200
#14 9.362 Successfully built dandi-cache-utils asciitree
#14 9.425 Installing collected packages: asciitree, wrapt, threadpoolctl, aioitertools, remfile, deprecated, botocore, numcodecs, aiobotocore, zarr, s3fs, dandi-cache-utils, hdmf-zarr
#14 9.502   Attempting uninstall: botocore
#14 9.505     Found existing installation: botocore 1.43.97
#14 9.533     Uninstalling botocore-1.43.97:
#14 10.20       Successfully uninstalled botocore-1.43.97
#14 10.47   Attempting uninstall: numcodecs
#14 10.48     Found existing installation: numcodecs 0.17.0
#14 10.48     Uninstalling numcodecs-0.17.0:
#14 10.49       Successfully uninstalled numcodecs-0.17.0
#14 10.63   Attempting uninstall: zarr
#14 10.64     Found existing installation: zarr 3.1.5
#14 10.64     Uninstalling zarr-3.1.5:
#14 10.68       Successfully uninstalled zarr-3.1.5
#14 10.81   Attempting uninstall: dandi-cache-utils
#14 10.81     Found existing installation: dandi-cache-utils 0.1.8
#14 10.81     Uninstalling dandi-cache-utils-0.1.8:
#14 10.82       Successfully uninstalled dandi-cache-utils-0.1.8
#14 10.85 
#14 10.85 ERROR: pip's dependency resolver does not currently take into account all the packages that are installed. This behaviour is the source of the following dependency conflicts.
#14 10.85 boto3 1.43.97 requires botocore<1.44.0,>=1.43.97, but you have botocore 1.43.75 which is incompatible.
#14 10.85 Successfully installed aiobotocore-3.9.1 aioitertools-0.13.0 asciitree-0.3.3 botocore-1.43.75 dandi-cache-utils-0.1.8 deprecated-1.3.1 hdmf-zarr-0.13.0 numcodecs-0.15.1 remfile-0.1.14 s3fs-2026.7.0 threadpoolctl-3.7.0 wrapt-2.4.1 zarr-2.18.7
#14 DONE 11.1s

#15 exporting to oci image format
#15 exporting layers
#15 exporting layers 1.1s done
#15 exporting manifest sha256:97f5ca70de1286e506713973d4e1afb2afaf00cb649b05248a5065fdedeb49be
#15 exporting manifest sha256:97f5ca70de1286e506713973d4e1afb2afaf00cb649b05248a5065fdedeb49be done
#15 exporting config sha256:b70b18cc046f4e72aaaa33adca91a2fe01d67306e1ec0e7f502ed31572318a66 done
#15 sending tarball
#15 sending tarball 2.2s done
#15 DONE 3.3s
