#0 building with "dandi-pixi-bench" instance using docker-container driver

#1 [internal] load build definition from Dockerfile.baseline-runtime
#1 transferring dockerfile: 3.89kB done
#1 DONE 0.0s

#2 resolve image config for docker-image://docker.io/docker/dockerfile:1
#2 DONE 0.1s

#3 docker-image://docker.io/docker/dockerfile:1@sha256:ecfaec9ed6d810b56388c508f4121597bfbba70d41a6dfeee4d8cad5f295fc32
#3 resolve docker.io/docker/dockerfile:1@sha256:ecfaec9ed6d810b56388c508f4121597bfbba70d41a6dfeee4d8cad5f295fc32 done
#3 CACHED

#4 [internal] load metadata for docker.io/library/neurodebian:trixie
#4 DONE 0.1s

#5 [internal] load .dockerignore
#5 transferring context: 77B done
#5 DONE 0.0s

#6 [core 1/7] FROM docker.io/library/neurodebian:trixie@sha256:90442b03d1539d20325c20279ec1b8a05267bdedcbdf3a6a79bab51496096d28
#6 resolve docker.io/library/neurodebian:trixie@sha256:90442b03d1539d20325c20279ec1b8a05267bdedcbdf3a6a79bab51496096d28 done
#6 DONE 0.0s

#7 [internal] load build context
#7 transferring context: 1.62kB done
#7 DONE 0.0s

#8 [core 2/7] RUN apt-get update     && apt-get install -y --no-install-recommends         ca-certificates         python3         python3-pip         python3-venv     && rm -rf /var/lib/apt/lists/*
#8 CACHED

#9 [core 3/7] RUN python3 -m venv "/opt/venv"
#9 CACHED

#10 [core 4/7] COPY repos/dandi-cache-utils/pyproject.toml repos/dandi-cache-utils/README.md /opt/dandi-cache-utils/
#10 CACHED

#11 [core 6/7] RUN chmod +x /opt/dandi-cache-utils/src/dandi_cache_utils/pipeline/*.sh
#11 CACHED

#12 [core 5/7] COPY repos/dandi-cache-utils/src /opt/dandi-cache-utils/src
#12 CACHED

#13 [core 7/7] RUN pip install "/opt/dandi-cache-utils[s3,archive]"
#13 CACHED

#14 exporting to docker image format
#14 exporting layers done
#14 exporting manifest sha256:6507d24563bf5313cd3578e04492f8672ff39a6935703417f4278059844308a8 done
#14 exporting config sha256:21f912f3c15c5447c22aacc3b61167604a7b0b71d20de0644622362c03ae4609 done
#14 sending tarball
#14 sending tarball 6.2s done
#14 DONE 6.2s

#15 importing to docker
#15 loading layer 4f13dbcd8b34 25.81MB / 25.81MB 3.8s done
#15 loading layer 03ff64c7b932 3.53MB / 3.53MB 3.2s done
#15 loading layer 57a7dea09734 2.68kB / 2.68kB 3.1s done
#15 loading layer dc111e0c3418 36.76kB / 36.76kB 3.1s done
#15 loading layer 5c3d499671d3 6.73kB / 6.73kB 3.1s done
#15 loading layer 9ff48cd321d8 167.93MB / 167.93MB 3.1s done
#15 DONE 3.8s
