#0 building with "dandi-pixi-bench" instance using docker-container driver

#1 [internal] load build definition from Dockerfile.baseline
#1 transferring dockerfile: 3.93kB done
#1 DONE 0.0s

#2 resolve image config for docker-image://docker.io/docker/dockerfile:1
#2 DONE 0.2s

#3 docker-image://docker.io/docker/dockerfile:1@sha256:ecfaec9ed6d810b56388c508f4121597bfbba70d41a6dfeee4d8cad5f295fc32
#3 resolve docker.io/docker/dockerfile:1@sha256:ecfaec9ed6d810b56388c508f4121597bfbba70d41a6dfeee4d8cad5f295fc32 done
#3 CACHED

#4 [internal] load metadata for docker.io/library/neurodebian:trixie
#4 DONE 0.1s

#5 [internal] load .dockerignore
#5 transferring context: 77B done
#5 DONE 0.0s

#6 [core 1/7] FROM docker.io/library/neurodebian:trixie@sha256:90442b03d1539d20325c20279ec1b8a05267bdedcbdf3a6a79bab51496096d28
#6 resolve docker.io/library/neurodebian:trixie@sha256:90442b03d1539d20325c20279ec1b8a05267bdedcbdf3a6a79bab51496096d28 done
#6 DONE 0.0s

#7 [internal] load build context
#7 transferring context: 1.62kB done
#7 DONE 0.0s

#8 [core 2/7] RUN apt-get update     && apt-get install -y --no-install-recommends         ca-certificates         git         git-annex-standalone         python3         python3-pip         python3-venv     && rm -rf /var/lib/apt/lists/*
#8 CACHED

#9 [core 4/7] COPY repos/dandi-cache-utils/pyproject.toml repos/dandi-cache-utils/README.md /opt/dandi-cache-utils/
#9 CACHED

#10 [core 5/7] COPY repos/dandi-cache-utils/src /opt/dandi-cache-utils/src
#10 CACHED

#11 [core 3/7] RUN python3 -m venv "/opt/venv"
#11 CACHED

#12 [core 6/7] RUN chmod +x /opt/dandi-cache-utils/src/dandi_cache_utils/pipeline/*.sh
#12 CACHED

#13 [core 7/7] RUN pip install "/opt/dandi-cache-utils[s3,archive]"
#13 CACHED

#14 [nwb 1/1] RUN pip install "/opt/dandi-cache-utils[nwb]"
#14 0.371 Processing /opt/dandi-cache-utils
#14 0.374   Installing build dependencies: started
#14 2.527   Installing build dependencies: finished with status 'done'
#14 2.528   Getting requirements to build wheel: started
#14 2.719   Getting requirements to build wheel: finished with status 'done'
#14 2.721   Preparing metadata (pyproject.toml): started
#14 2.915   Preparing metadata (pyproject.toml): finished with status 'done'
#14 2.921 Requirement already satisfied: rich-click in /opt/venv/lib/python3.13/site-packages (from dandi-cache-utils==0.1.8) (1.9.9)
#14 2.922 Requirement already satisfied: h5py in /opt/venv/lib/python3.13/site-packages (from dandi-cache-utils==0.1.8) (3.16.0)
#14 3.145 Collecting hdmf-zarr (from dandi-cache-utils==0.1.8)
#14 3.336   Downloading hdmf_zarr-0.13.0-py3-none-any.whl.metadata (5.5 kB)
#14 3.344 Requirement already satisfied: nwbinspector in /opt/venv/lib/python3.13/site-packages (from dandi-cache-utils==0.1.8) (0.7.2)
#14 3.345 Requirement already satisfied: pynwb in /opt/venv/lib/python3.13/site-packages (from dandi-cache-utils==0.1.8) (4.2.0)
#14 3.414 Collecting remfile (from dandi-cache-utils==0.1.8)
#14 3.474   Downloading remfile-0.1.14-py3-none-any.whl.metadata (3.9 kB)
#14 3.575 Collecting s3fs (from dandi-cache-utils==0.1.8)
#14 3.633   Downloading s3fs-2026.7.0-py3-none-any.whl.metadata (1.2 kB)
#14 3.730 Collecting zarr<3 (from dandi-cache-utils==0.1.8)
#14 3.798   Downloading zarr-2.18.7-py3-none-any.whl.metadata (5.8 kB)
#14 3.858 Collecting asciitree (from zarr<3->dandi-cache-utils==0.1.8)
#14 3.915   Downloading asciitree-0.3.3.tar.gz (4.0 kB)
#14 3.921   Installing build dependencies: started
#14 5.274   Installing build dependencies: finished with status 'done'
#14 5.275   Getting requirements to build wheel: started
#14 5.557   Getting requirements to build wheel: finished with status 'done'
#14 5.558   Preparing metadata (pyproject.toml): started
#14 5.758   Preparing metadata (pyproject.toml): finished with status 'done'
#14 5.760 Requirement already satisfied: numpy>=1.24 in /opt/venv/lib/python3.13/site-packages (from zarr<3->dandi-cache-utils==0.1.8) (2.5.3)
#14 5.760 Requirement already satisfied: fasteners in /opt/venv/lib/python3.13/site-packages (from zarr<3->dandi-cache-utils==0.1.8) (0.20)
#14 5.892 Collecting numcodecs!=0.14.0,!=0.14.1,<0.16,>=0.10.0 (from zarr<3->dandi-cache-utils==0.1.8)
#14 5.950   Downloading numcodecs-0.15.1-cp313-cp313-manylinux_2_17_x86_64.manylinux2014_x86_64.whl.metadata (2.9 kB)
#14 6.017 Collecting deprecated (from numcodecs!=0.14.0,!=0.14.1,<0.16,>=0.10.0->zarr<3->dandi-cache-utils==0.1.8)
#14 6.077   Downloading deprecated-1.3.1-py2.py3-none-any.whl.metadata (5.9 kB)
#14 6.452 Collecting wrapt<3,>=1.10 (from deprecated->numcodecs!=0.14.0,!=0.14.1,<0.16,>=0.10.0->zarr<3->dandi-cache-utils==0.1.8)
#14 6.506   Downloading wrapt-2.4.1-cp313-cp313-manylinux1_x86_64.manylinux_2_28_x86_64.manylinux_2_5_x86_64.whl.metadata (7.4 kB)
#14 6.513 Requirement already satisfied: hdmf>=4.1.0 in /opt/venv/lib/python3.13/site-packages (from hdmf-zarr->dandi-cache-utils==0.1.8) (6.2.0)
#14 6.578 Collecting threadpoolctl>=3.1.0 (from hdmf-zarr->dandi-cache-utils==0.1.8)
#14 6.635   Downloading threadpoolctl-3.7.0-py3-none-any.whl.metadata (24 kB)
#14 6.662 Requirement already satisfied: jsonschema>=3.2.0 in /opt/venv/lib/python3.13/site-packages (from hdmf>=4.1.0->hdmf-zarr->dandi-cache-utils==0.1.8) (4.26.0)
#14 6.662 Requirement already satisfied: pandas>=1.4.0 in /opt/venv/lib/python3.13/site-packages (from hdmf>=4.1.0->hdmf-zarr->dandi-cache-utils==0.1.8) (3.0.5)
#14 6.663 Requirement already satisfied: ruamel-yaml>=0.16 in /opt/venv/lib/python3.13/site-packages (from hdmf>=4.1.0->hdmf-zarr->dandi-cache-utils==0.1.8) (0.19.1)
#14 6.667 Requirement already satisfied: attrs>=22.2.0 in /opt/venv/lib/python3.13/site-packages (from jsonschema>=3.2.0->hdmf>=4.1.0->hdmf-zarr->dandi-cache-utils==0.1.8) (26.1.0)
#14 6.667 Requirement already satisfied: jsonschema-specifications>=2023.03.6 in /opt/venv/lib/python3.13/site-packages (from jsonschema>=3.2.0->hdmf>=4.1.0->hdmf-zarr->dandi-cache-utils==0.1.8) (2025.9.1)
#14 6.668 Requirement already satisfied: referencing>=0.28.4 in /opt/venv/lib/python3.13/site-packages (from jsonschema>=3.2.0->hdmf>=4.1.0->hdmf-zarr->dandi-cache-utils==0.1.8) (0.37.0)
#14 6.669 Requirement already satisfied: rpds-py>=0.25.0 in /opt/venv/lib/python3.13/site-packages (from jsonschema>=3.2.0->hdmf>=4.1.0->hdmf-zarr->dandi-cache-utils==0.1.8) (2026.6.3)
#14 6.676 Requirement already satisfied: python-dateutil>=2.8.2 in /opt/venv/lib/python3.13/site-packages (from pandas>=1.4.0->hdmf>=4.1.0->hdmf-zarr->dandi-cache-utils==0.1.8) (2.9.0.post0)
#14 6.683 Requirement already satisfied: platformdirs>=4.2.2 in /opt/venv/lib/python3.13/site-packages (from pynwb->dandi-cache-utils==0.1.8) (4.11.9)
#14 6.685 Requirement already satisfied: six>=1.5 in /opt/venv/lib/python3.13/site-packages (from python-dateutil>=2.8.2->pandas>=1.4.0->hdmf>=4.1.0->hdmf-zarr->dandi-cache-utils==0.1.8) (1.17.0)
#14 6.689 Requirement already satisfied: aiohttp in /opt/venv/lib/python3.13/site-packages (from nwbinspector->dandi-cache-utils==0.1.8) (3.14.3)
#14 6.689 Requirement already satisfied: click in /opt/venv/lib/python3.13/site-packages (from nwbinspector->dandi-cache-utils==0.1.8) (8.5.0)
#14 6.689 Requirement already satisfied: fsspec in /opt/venv/lib/python3.13/site-packages (from nwbinspector->dandi-cache-utils==0.1.8) (2026.7.0)
#14 6.690 Requirement already satisfied: isodate in /opt/venv/lib/python3.13/site-packages (from nwbinspector->dandi-cache-utils==0.1.8) (0.7.2)
#14 6.690 Requirement already satisfied: natsort in /opt/venv/lib/python3.13/site-packages (from nwbinspector->dandi-cache-utils==0.1.8) (8.4.0)
#14 6.690 Requirement already satisfied: packaging in /opt/venv/lib/python3.13/site-packages (from nwbinspector->dandi-cache-utils==0.1.8) (26.3)
#14 6.691 Requirement already satisfied: pyyaml in /opt/venv/lib/python3.13/site-packages (from nwbinspector->dandi-cache-utils==0.1.8) (6.0.3)
#14 6.691 Requirement already satisfied: requests in /opt/venv/lib/python3.13/site-packages (from nwbinspector->dandi-cache-utils==0.1.8) (2.34.2)
#14 6.691 Requirement already satisfied: tqdm in /opt/venv/lib/python3.13/site-packages (from nwbinspector->dandi-cache-utils==0.1.8) (4.70.1)
#14 6.692 Requirement already satisfied: aiohappyeyeballs>=2.5.0 in /opt/venv/lib/python3.13/site-packages (from aiohttp->nwbinspector->dandi-cache-utils==0.1.8) (2.7.1)
#14 6.693 Requirement already satisfied: aiosignal>=1.4.0 in /opt/venv/lib/python3.13/site-packages (from aiohttp->nwbinspector->dandi-cache-utils==0.1.8) (1.4.0)
#14 6.693 Requirement already satisfied: frozenlist>=1.1.1 in /opt/venv/lib/python3.13/site-packages (from aiohttp->nwbinspector->dandi-cache-utils==0.1.8) (1.8.0)
#14 6.694 Requirement already satisfied: multidict<7.0,>=4.5 in /opt/venv/lib/python3.13/site-packages (from aiohttp->nwbinspector->dandi-cache-utils==0.1.8) (6.8.0)
#14 6.694 Requirement already satisfied: propcache>=0.2.0 in /opt/venv/lib/python3.13/site-packages (from aiohttp->nwbinspector->dandi-cache-utils==0.1.8) (0.5.4)
#14 6.694 Requirement already satisfied: yarl<2.0,>=1.17.0 in /opt/venv/lib/python3.13/site-packages (from aiohttp->nwbinspector->dandi-cache-utils==0.1.8) (1.25.1)
#14 6.697 Requirement already satisfied: idna>=2.0 in /opt/venv/lib/python3.13/site-packages (from yarl<2.0,>=1.17.0->aiohttp->nwbinspector->dandi-cache-utils==0.1.8) (3.20)
#14 6.710 Requirement already satisfied: charset_normalizer<4,>=2 in /opt/venv/lib/python3.13/site-packages (from requests->nwbinspector->dandi-cache-utils==0.1.8) (3.5.1)
#14 6.711 Requirement already satisfied: urllib3<3,>=1.26 in /opt/venv/lib/python3.13/site-packages (from requests->nwbinspector->dandi-cache-utils==0.1.8) (2.8.0)
#14 6.711 Requirement already satisfied: certifi>=2023.5.7 in /opt/venv/lib/python3.13/site-packages (from requests->nwbinspector->dandi-cache-utils==0.1.8) (2026.7.22)
#14 6.714 Requirement already satisfied: rich>=12 in /opt/venv/lib/python3.13/site-packages (from rich-click->dandi-cache-utils==0.1.8) (15.0.0)
#14 6.716 Requirement already satisfied: markdown-it-py>=2.2.0 in /opt/venv/lib/python3.13/site-packages (from rich>=12->rich-click->dandi-cache-utils==0.1.8) (4.2.0)
#14 6.716 Requirement already satisfied: pygments<3.0.0,>=2.13.0 in /opt/venv/lib/python3.13/site-packages (from rich>=12->rich-click->dandi-cache-utils==0.1.8) (2.21.0)
#14 6.717 Requirement already satisfied: mdurl~=0.1 in /opt/venv/lib/python3.13/site-packages (from markdown-it-py>=2.2.0->rich>=12->rich-click->dandi-cache-utils==0.1.8) (0.1.2)
#14 6.796 Collecting aiobotocore<4.0.0,>=2.19.0 (from s3fs->dandi-cache-utils==0.1.8)
#14 6.852   Downloading aiobotocore-3.9.1-py3-none-any.whl.metadata (31 kB)
#14 6.936 Collecting aioitertools<1.0.0,>=0.5.1 (from aiobotocore<4.0.0,>=2.19.0->s3fs->dandi-cache-utils==0.1.8)
#14 6.995   Downloading aioitertools-0.13.0-py3-none-any.whl.metadata (3.3 kB)
#14 7.278 Collecting botocore<1.43.76,>=1.43.66 (from aiobotocore<4.0.0,>=2.19.0->s3fs->dandi-cache-utils==0.1.8)
#14 7.333   Downloading botocore-1.43.75-py3-none-any.whl.metadata (5.6 kB)
#14 7.337 Requirement already satisfied: jmespath<2.0.0,>=0.7.1 in /opt/venv/lib/python3.13/site-packages (from aiobotocore<4.0.0,>=2.19.0->s3fs->dandi-cache-utils==0.1.8) (1.1.0)
#14 7.404 Downloading zarr-2.18.7-py3-none-any.whl (211 kB)
#14 7.576 Downloading numcodecs-0.15.1-cp313-cp313-manylinux_2_17_x86_64.manylinux2014_x86_64.whl (8.8 MB)
#14 9.305    ━━━━━━━━━━━━━━━━━━━━━━━━━━━━━━━━━━━━━━━━ 8.8/8.8 MB 5.0 MB/s eta 0:00:00
#14 9.363 Downloading deprecated-1.3.1-py2.py3-none-any.whl (11 kB)
#14 9.422 Downloading wrapt-2.4.1-cp313-cp313-manylinux1_x86_64.manylinux_2_28_x86_64.manylinux_2_5_x86_64.whl (234 kB)
#14 9.489 Downloading hdmf_zarr-0.13.0-py3-none-any.whl (34 kB)
#14 9.551 Downloading threadpoolctl-3.7.0-py3-none-any.whl (26 kB)
#14 9.619 Downloading remfile-0.1.14-py3-none-any.whl (13 kB)
#14 9.681 Downloading s3fs-2026.7.0-py3-none-any.whl (32 kB)
#14 9.741 Downloading aiobotocore-3.9.1-py3-none-any.whl (102 kB)
#14 9.804 Downloading aioitertools-0.13.0-py3-none-any.whl (24 kB)
#14 9.866 Downloading botocore-1.43.75-py3-none-any.whl (15.7 MB)
#14 10.16    ━━━━━━━━━━━━━━━━━━━━━━━━━━━━━━━━━━━━━━━━ 15.7/15.7 MB 54.1 MB/s eta 0:00:00
#14 10.21 Building wheels for collected packages: dandi-cache-utils, asciitree
#14 10.21   Building wheel for dandi-cache-utils (pyproject.toml): started
#14 10.31   Building wheel for dandi-cache-utils (pyproject.toml): finished with status 'done'
#14 10.31   Created wheel for dandi-cache-utils: filename=dandi_cache_utils-0.1.8-py3-none-any.whl size=47150 sha256=49c05c5cf69b7920f02075b05881a7b00869bd289aa3fd48f1fb6faa2cc0bf29
#14 10.31   Stored in directory: /tmp/pip-ephem-wheel-cache-k7f8wcbp/wheels/45/1f/8c/2672006fb65fcb4b823d2aad1e9715eca14bdd90457cb3220a
#14 10.31   Building wheel for asciitree (pyproject.toml): started
#14 10.53   Building wheel for asciitree (pyproject.toml): finished with status 'done'
#14 10.54   Created wheel for asciitree: filename=asciitree-0.3.3-py3-none-any.whl size=5097 sha256=912945cb3f2806e877513ed13ec2edb955d29f8f958a82ea8f7362f5357702eb
#14 10.54   Stored in directory: /tmp/pip-ephem-wheel-cache-k7f8wcbp/wheels/0e/70/f0/bff6301cfa0d49afa79c020bc98c114a9b9c6b3048e62e3200
#14 10.54 Successfully built dandi-cache-utils asciitree
#14 10.59 Installing collected packages: asciitree, wrapt, threadpoolctl, aioitertools, remfile, deprecated, botocore, numcodecs, aiobotocore, zarr, s3fs, dandi-cache-utils, hdmf-zarr
#14 10.66   Attempting uninstall: botocore
#14 10.66     Found existing installation: botocore 1.43.97
#14 10.69     Uninstalling botocore-1.43.97:
#14 11.25       Successfully uninstalled botocore-1.43.97
#14 11.51   Attempting uninstall: numcodecs
#14 11.52     Found existing installation: numcodecs 0.17.0
#14 11.52     Uninstalling numcodecs-0.17.0:
#14 11.53       Successfully uninstalled numcodecs-0.17.0
#14 11.67   Attempting uninstall: zarr
#14 11.67     Found existing installation: zarr 3.1.5
#14 11.68     Uninstalling zarr-3.1.5:
#14 11.71       Successfully uninstalled zarr-3.1.5
#14 11.83   Attempting uninstall: dandi-cache-utils
#14 11.84     Found existing installation: dandi-cache-utils 0.1.8
#14 11.84     Uninstalling dandi-cache-utils-0.1.8:
#14 11.84       Successfully uninstalled dandi-cache-utils-0.1.8
#14 11.87 
#14 11.88 ERROR: pip's dependency resolver does not currently take into account all the packages that are installed. This behaviour is the source of the following dependency conflicts.
#14 11.88 boto3 1.43.97 requires botocore<1.44.0,>=1.43.97, but you have botocore 1.43.75 which is incompatible.
#14 11.88 Successfully installed aiobotocore-3.9.1 aioitertools-0.13.0 asciitree-0.3.3 botocore-1.43.75 dandi-cache-utils-0.1.8 deprecated-1.3.1 hdmf-zarr-0.13.0 numcodecs-0.15.1 remfile-0.1.14 s3fs-2026.7.0 threadpoolctl-3.7.0 wrapt-2.4.1 zarr-2.18.7
#14 DONE 12.1s

#15 exporting to oci image format
#15 exporting layers
#15 exporting layers 1.1s done
#15 exporting manifest sha256:de4f7df719ec25016423f11b380a305204f0fe44e962ab2bfbef4b5fd5d106f3
#15 exporting manifest sha256:de4f7df719ec25016423f11b380a305204f0fe44e962ab2bfbef4b5fd5d106f3 done
#15 exporting config sha256:7070e004816419a261211c7bb75f76e56502f872aafe59275f21bf5b6b9d4d02 done
#15 sending tarball
#15 sending tarball 2.1s done
#15 DONE 3.2s
