#0 building with "dandi-pixi-bench" instance using docker-container driver

#1 [internal] load build definition from Dockerfile.baseline
#1 transferring dockerfile: 3.93kB done
#1 DONE 0.0s

#2 resolve image config for docker-image://docker.io/docker/dockerfile:1
#2 DONE 0.2s

#3 docker-image://docker.io/docker/dockerfile:1@sha256:ecfaec9ed6d810b56388c508f4121597bfbba70d41a6dfeee4d8cad5f295fc32
#3 resolve docker.io/docker/dockerfile:1@sha256:ecfaec9ed6d810b56388c508f4121597bfbba70d41a6dfeee4d8cad5f295fc32 done
#3 CACHED

#4 [internal] load metadata for docker.io/library/neurodebian:trixie
#4 DONE 0.1s

#5 [internal] load .dockerignore
#5 transferring context: 77B done
#5 DONE 0.0s

#6 [core 1/7] FROM docker.io/library/neurodebian:trixie@sha256:90442b03d1539d20325c20279ec1b8a05267bdedcbdf3a6a79bab51496096d28
#6 resolve docker.io/library/neurodebian:trixie@sha256:90442b03d1539d20325c20279ec1b8a05267bdedcbdf3a6a79bab51496096d28 done
#6 DONE 0.0s

#7 [internal] load build context
#7 transferring context: 2.73kB done
#7 DONE 0.0s

#8 [core 5/7] COPY repos/dandi-cache-utils/src /opt/dandi-cache-utils/src
#8 CACHED

#9 [core 2/7] RUN apt-get update     && apt-get install -y --no-install-recommends         ca-certificates         git         git-annex-standalone         python3         python3-pip         python3-venv     && rm -rf /var/lib/apt/lists/*
#9 CACHED

#10 [core 4/7] COPY repos/dandi-cache-utils/pyproject.toml repos/dandi-cache-utils/README.md /opt/dandi-cache-utils/
#10 CACHED

#11 [core 3/7] RUN python3 -m venv "/opt/venv"
#11 CACHED

#12 [core 6/7] RUN chmod +x /opt/dandi-cache-utils/src/dandi_cache_utils/pipeline/*.sh
#12 CACHED

#13 [core 7/7] RUN pip install "/opt/dandi-cache-utils[s3,archive]"
#13 CACHED

#14 [core-cache 1/2] COPY repos/dandiset-id-to-total-size/envs/pyproject.toml /tmp/build/pyproject.toml
#14 DONE 0.0s

#15 [core-cache 2/2] RUN pip install /tmp/build && rm -rf /tmp/build
#15 0.364 Processing /tmp/build
#15 0.367   Installing build dependencies: started
#15 1.955   Installing build dependencies: finished with status 'done'
#15 1.957   Getting requirements to build wheel: started
#15 2.374   Getting requirements to build wheel: finished with status 'done'
#15 2.377   Preparing metadata (pyproject.toml): started
#15 2.608   Preparing metadata (pyproject.toml): finished with status 'done'
#15 2.612 Building wheels for collected packages: dandiset-id-to-total-size
#15 2.612   Building wheel for dandiset-id-to-total-size (pyproject.toml): started
#15 2.833   Building wheel for dandiset-id-to-total-size (pyproject.toml): finished with status 'done'
#15 2.834   Created wheel for dandiset-id-to-total-size: filename=dandiset_id_to_total_size-0.1.0-py3-none-any.whl size=1203 sha256=7bc058bed024b4a19d3f7ab39a5698c336646934fdbe6c300df1e775cec19cd7
#15 2.834   Stored in directory: /tmp/pip-ephem-wheel-cache-kpt9dkwi/wheels/42/3b/90/614567dfd92fde5cfa8077714452698d7c0501dbc78eecd2bd
#15 2.838 Successfully built dandiset-id-to-total-size
#15 2.897 Installing collected packages: dandiset-id-to-total-size
#15 2.913 Successfully installed dandiset-id-to-total-size-0.1.0
#15 DONE 3.0s

#16 exporting to oci image format
#16 exporting layers 0.0s done
#16 exporting manifest sha256:d17e9bf1537ce8bfeaac1bbd4c615c377954e2de9b79362bf720130dd920b784 done
#16 exporting config sha256:ca2aff7aa952e26e807922f224ba56b498e5d394964ef68803f55c43bd20f511 done
#16 sending tarball
#16 sending tarball 2.3s done
#16 DONE 2.3s
