#0 building with "dandi-pixi-bench" instance using docker-container driver

#1 [internal] load build definition from Dockerfile.baseline
#1 transferring dockerfile: 3.93kB done
#1 DONE 0.0s

#2 resolve image config for docker-image://docker.io/docker/dockerfile:1
#2 DONE 0.2s

#3 docker-image://docker.io/docker/dockerfile:1@sha256:ecfaec9ed6d810b56388c508f4121597bfbba70d41a6dfeee4d8cad5f295fc32
#3 resolve docker.io/docker/dockerfile:1@sha256:ecfaec9ed6d810b56388c508f4121597bfbba70d41a6dfeee4d8cad5f295fc32 done
#3 CACHED

#4 [internal] load metadata for docker.io/library/neurodebian:trixie
#4 DONE 0.1s

#5 [internal] load .dockerignore
#5 transferring context: 77B done
#5 DONE 0.0s

#6 [core 1/7] FROM docker.io/library/neurodebian:trixie@sha256:90442b03d1539d20325c20279ec1b8a05267bdedcbdf3a6a79bab51496096d28
#6 resolve docker.io/library/neurodebian:trixie@sha256:90442b03d1539d20325c20279ec1b8a05267bdedcbdf3a6a79bab51496096d28 done
#6 DONE 0.0s

#7 [internal] load build context
#7 transferring context: 2.83kB done
#7 DONE 0.0s

#8 [core 2/7] RUN apt-get update     && apt-get install -y --no-install-recommends         ca-certificates         git         git-annex-standalone         python3         python3-pip         python3-venv     && rm -rf /var/lib/apt/lists/*
#8 CACHED

#9 [core 5/7] COPY repos/dandi-cache-utils/src /opt/dandi-cache-utils/src
#9 CACHED

#10 [core 7/7] RUN pip install "/opt/dandi-cache-utils[s3,archive]"
#10 CACHED

#11 [core 4/7] COPY repos/dandi-cache-utils/pyproject.toml repos/dandi-cache-utils/README.md /opt/dandi-cache-utils/
#11 CACHED

#12 [core 6/7] RUN chmod +x /opt/dandi-cache-utils/src/dandi_cache_utils/pipeline/*.sh
#12 CACHED

#13 [nwb-cache 1/2] COPY repos/valid-nwb-file-to-number-of-groups/envs/pyproject.toml /tmp/build/pyproject.toml
#13 CACHED

#14 [core 3/7] RUN python3 -m venv "/opt/venv"
#14 CACHED

#15 [nwb 1/1] RUN pip install "/opt/dandi-cache-utils[nwb]"
#15 CACHED

#16 [nwb-cache 2/2] RUN pip install /tmp/build && rm -rf /tmp/build
#16 CACHED

#17 exporting to oci image format
#17 exporting layers 0.0s done
#17 exporting manifest sha256:685ddff3e173e57476af53387b86b57e9464e09ce416d3f84d8b93eeb235b167 done
#17 exporting config sha256:c9f1d77a0e563d3f748c1ebc9016b04593386acf0b917cb20ebd8d0c93133409 done
#17 sending tarball
#17 sending tarball 2.0s done
#17 DONE 2.1s
