#0 building with "dandi-pixi-bench" instance using docker-container driver

#1 [internal] load build definition from Dockerfile.baseline-runtime
#1 transferring dockerfile: 3.89kB done
#1 DONE 0.0s

#2 resolve image config for docker-image://docker.io/docker/dockerfile:1
#2 DONE 0.1s

#3 docker-image://docker.io/docker/dockerfile:1@sha256:ecfaec9ed6d810b56388c508f4121597bfbba70d41a6dfeee4d8cad5f295fc32
#3 resolve docker.io/docker/dockerfile:1@sha256:ecfaec9ed6d810b56388c508f4121597bfbba70d41a6dfeee4d8cad5f295fc32 done
#3 CACHED

#4 [internal] load metadata for docker.io/library/neurodebian:trixie
#4 DONE 0.1s

#5 [internal] load .dockerignore
#5 transferring context: 77B done
#5 DONE 0.0s

#6 [core 1/7] FROM docker.io/library/neurodebian:trixie@sha256:90442b03d1539d20325c20279ec1b8a05267bdedcbdf3a6a79bab51496096d28
#6 resolve docker.io/library/neurodebian:trixie@sha256:90442b03d1539d20325c20279ec1b8a05267bdedcbdf3a6a79bab51496096d28 done
#6 DONE 0.0s

#7 [internal] load build context
#7 transferring context: 2.74kB done
#7 DONE 0.0s

#8 [core 3/7] RUN python3 -m venv "/opt/venv"
#8 CACHED

#9 [core 6/7] RUN chmod +x /opt/dandi-cache-utils/src/dandi_cache_utils/pipeline/*.sh
#9 CACHED

#10 [core 7/7] RUN pip install "/opt/dandi-cache-utils[s3,archive]"
#10 CACHED

#11 [aind 1/2] COPY repos/qualifying-aind-content-ids/envs/pyproject.toml /tmp/build/pyproject.toml
#11 CACHED

#12 [core 2/7] RUN apt-get update     && apt-get install -y --no-install-recommends         ca-certificates         python3         python3-pip         python3-venv     && rm -rf /var/lib/apt/lists/*
#12 CACHED

#13 [core 4/7] COPY repos/dandi-cache-utils/pyproject.toml repos/dandi-cache-utils/README.md /opt/dandi-cache-utils/
#13 CACHED

#14 [nwb 1/1] RUN pip install "/opt/dandi-cache-utils[nwb]"
#14 CACHED

#15 [core 5/7] COPY repos/dandi-cache-utils/src /opt/dandi-cache-utils/src
#15 CACHED

#16 [aind 2/2] RUN pip install /tmp/build && rm -rf /tmp/build
#16 CACHED

#17 exporting to docker image format
#17 exporting layers done
#17 exporting manifest sha256:b4c3800425941a2228b2e758c41a6cca6625ad29db1a389d274ba982804e84d6 done
#17 exporting config sha256:407e5c54c96bb95ec94d6de141667c38fb27e672b4b939b13a9675262ea4a3cf done
#17 sending tarball
#17 sending tarball 2.8s done
#17 DONE 2.8s

#18 importing to docker
#18 loading layer 9a32e2675fd1 677B / 677B 0.2s done
#18 loading layer 3891085a34ed 4.95MB / 4.95MB 0.2s done
#18 DONE 0.2s
