#0 building with "dandi-pixi-bench" instance using docker-container driver

#1 [internal] load build definition from Dockerfile.baseline-runtime
#1 transferring dockerfile: 3.89kB done
#1 DONE 0.0s

#2 [auth] docker/dockerfile:pull token for registry-1.docker.io
#2 DONE 0.0s

#3 resolve image config for docker-image://docker.io/docker/dockerfile:1
#3 DONE 0.6s

#4 docker-image://docker.io/docker/dockerfile:1@sha256:ecfaec9ed6d810b56388c508f4121597bfbba70d41a6dfeee4d8cad5f295fc32
#4 resolve docker.io/docker/dockerfile:1@sha256:ecfaec9ed6d810b56388c508f4121597bfbba70d41a6dfeee4d8cad5f295fc32 done
#4 CACHED

#5 [internal] load metadata for docker.io/library/neurodebian:trixie
#5 DONE 0.1s

#6 [internal] load .dockerignore
#6 transferring context: 77B done
#6 DONE 0.0s

#7 [core 1/7] FROM docker.io/library/neurodebian:trixie@sha256:90442b03d1539d20325c20279ec1b8a05267bdedcbdf3a6a79bab51496096d28
#7 resolve docker.io/library/neurodebian:trixie@sha256:90442b03d1539d20325c20279ec1b8a05267bdedcbdf3a6a79bab51496096d28 done
#7 DONE 0.0s

#8 [internal] load build context
#8 transferring context: 1.62kB done
#8 DONE 0.0s

#9 [core 5/7] COPY repos/dandi-cache-utils/src /opt/dandi-cache-utils/src
#9 CACHED

#10 [core 6/7] RUN chmod +x /opt/dandi-cache-utils/src/dandi_cache_utils/pipeline/*.sh
#10 CACHED

#11 [core 2/7] RUN apt-get update     && apt-get install -y --no-install-recommends         ca-certificates         python3         python3-pip         python3-venv     && rm -rf /var/lib/apt/lists/*
#11 CACHED

#12 [core 4/7] COPY repos/dandi-cache-utils/pyproject.toml repos/dandi-cache-utils/README.md /opt/dandi-cache-utils/
#12 CACHED

#13 [core 3/7] RUN python3 -m venv "/opt/venv"
#13 CACHED

#14 [core 7/7] RUN pip install "/opt/dandi-cache-utils[s3,archive]"
#14 CACHED

#15 [nwb 1/1] RUN pip install "/opt/dandi-cache-utils[nwb]"
#15 0.364 Processing /opt/dandi-cache-utils
#15 0.366   Installing build dependencies: started
#15 2.513   Installing build dependencies: finished with status 'done'
#15 2.515   Getting requirements to build wheel: started
#15 2.695   Getting requirements to build wheel: finished with status 'done'
#15 2.697   Preparing metadata (pyproject.toml): started
#15 2.891   Preparing metadata (pyproject.toml): finished with status 'done'
#15 2.897 Requirement already satisfied: rich-click in /opt/venv/lib/python3.13/site-packages (from dandi-cache-utils==0.1.8) (1.9.9)
#15 2.898 Requirement already satisfied: h5py in /opt/venv/lib/python3.13/site-packages (from dandi-cache-utils==0.1.8) (3.16.0)
#15 3.123 Collecting hdmf-zarr (from dandi-cache-utils==0.1.8)
#15 3.314   Downloading hdmf_zarr-0.13.0-py3-none-any.whl.metadata (5.5 kB)
#15 3.322 Requirement already satisfied: nwbinspector in /opt/venv/lib/python3.13/site-packages (from dandi-cache-utils==0.1.8) (0.7.2)
#15 3.323 Requirement already satisfied: pynwb in /opt/venv/lib/python3.13/site-packages (from dandi-cache-utils==0.1.8) (4.2.0)
#15 3.392 Collecting remfile (from dandi-cache-utils==0.1.8)
#15 3.453   Downloading remfile-0.1.14-py3-none-any.whl.metadata (3.9 kB)
#15 3.553 Collecting s3fs (from dandi-cache-utils==0.1.8)
#15 3.613   Downloading s3fs-2026.7.0-py3-none-any.whl.metadata (1.2 kB)
#15 3.719 Collecting zarr<3 (from dandi-cache-utils==0.1.8)
#15 3.778   Downloading zarr-2.18.7-py3-none-any.whl.metadata (5.8 kB)
#15 3.851 Collecting asciitree (from zarr<3->dandi-cache-utils==0.1.8)
#15 3.915   Downloading asciitree-0.3.3.tar.gz (4.0 kB)
#15 3.928   Installing build dependencies: started
#15 5.337   Installing build dependencies: finished with status 'done'
#15 5.338   Getting requirements to build wheel: started
#15 5.622   Getting requirements to build wheel: finished with status 'done'
#15 5.623   Preparing metadata (pyproject.toml): started
#15 5.829   Preparing metadata (pyproject.toml): finished with status 'done'
#15 5.830 Requirement already satisfied: numpy>=1.24 in /opt/venv/lib/python3.13/site-packages (from zarr<3->dandi-cache-utils==0.1.8) (2.5.3)
#15 5.830 Requirement already satisfied: fasteners in /opt/venv/lib/python3.13/site-packages (from zarr<3->dandi-cache-utils==0.1.8) (0.20)
#15 5.966 Collecting numcodecs!=0.14.0,!=0.14.1,<0.16,>=0.10.0 (from zarr<3->dandi-cache-utils==0.1.8)
#15 6.024   Downloading numcodecs-0.15.1-cp313-cp313-manylinux_2_17_x86_64.manylinux2014_x86_64.whl.metadata (2.9 kB)
#15 6.092 Collecting deprecated (from numcodecs!=0.14.0,!=0.14.1,<0.16,>=0.10.0->zarr<3->dandi-cache-utils==0.1.8)
#15 6.150   Downloading deprecated-1.3.1-py2.py3-none-any.whl.metadata (5.9 kB)
#15 6.527 Collecting wrapt<3,>=1.10 (from deprecated->numcodecs!=0.14.0,!=0.14.1,<0.16,>=0.10.0->zarr<3->dandi-cache-utils==0.1.8)
#15 6.583   Downloading wrapt-2.4.1-cp313-cp313-manylinux1_x86_64.manylinux_2_28_x86_64.manylinux_2_5_x86_64.whl.metadata (7.4 kB)
#15 6.590 Requirement already satisfied: hdmf>=4.1.0 in /opt/venv/lib/python3.13/site-packages (from hdmf-zarr->dandi-cache-utils==0.1.8) (6.2.0)
#15 6.653 Collecting threadpoolctl>=3.1.0 (from hdmf-zarr->dandi-cache-utils==0.1.8)
#15 6.710   Downloading threadpoolctl-3.7.0-py3-none-any.whl.metadata (24 kB)
#15 6.734 Requirement already satisfied: jsonschema>=3.2.0 in /opt/venv/lib/python3.13/site-packages (from hdmf>=4.1.0->hdmf-zarr->dandi-cache-utils==0.1.8) (4.26.0)
#15 6.734 Requirement already satisfied: pandas>=1.4.0 in /opt/venv/lib/python3.13/site-packages (from hdmf>=4.1.0->hdmf-zarr->dandi-cache-utils==0.1.8) (3.0.5)
#15 6.735 Requirement already satisfied: ruamel-yaml>=0.16 in /opt/venv/lib/python3.13/site-packages (from hdmf>=4.1.0->hdmf-zarr->dandi-cache-utils==0.1.8) (0.19.1)
#15 6.738 Requirement already satisfied: attrs>=22.2.0 in /opt/venv/lib/python3.13/site-packages (from jsonschema>=3.2.0->hdmf>=4.1.0->hdmf-zarr->dandi-cache-utils==0.1.8) (26.1.0)
#15 6.738 Requirement already satisfied: jsonschema-specifications>=2023.03.6 in /opt/venv/lib/python3.13/site-packages (from jsonschema>=3.2.0->hdmf>=4.1.0->hdmf-zarr->dandi-cache-utils==0.1.8) (2025.9.1)
#15 6.739 Requirement already satisfied: referencing>=0.28.4 in /opt/venv/lib/python3.13/site-packages (from jsonschema>=3.2.0->hdmf>=4.1.0->hdmf-zarr->dandi-cache-utils==0.1.8) (0.37.0)
#15 6.739 Requirement already satisfied: rpds-py>=0.25.0 in /opt/venv/lib/python3.13/site-packages (from jsonschema>=3.2.0->hdmf>=4.1.0->hdmf-zarr->dandi-cache-utils==0.1.8) (2026.6.3)
#15 6.746 Requirement already satisfied: python-dateutil>=2.8.2 in /opt/venv/lib/python3.13/site-packages (from pandas>=1.4.0->hdmf>=4.1.0->hdmf-zarr->dandi-cache-utils==0.1.8) (2.9.0.post0)
#15 6.752 Requirement already satisfied: platformdirs>=4.2.2 in /opt/venv/lib/python3.13/site-packages (from pynwb->dandi-cache-utils==0.1.8) (4.11.9)
#15 6.754 Requirement already satisfied: six>=1.5 in /opt/venv/lib/python3.13/site-packages (from python-dateutil>=2.8.2->pandas>=1.4.0->hdmf>=4.1.0->hdmf-zarr->dandi-cache-utils==0.1.8) (1.17.0)
#15 6.759 Requirement already satisfied: aiohttp in /opt/venv/lib/python3.13/site-packages (from nwbinspector->dandi-cache-utils==0.1.8) (3.14.3)
#15 6.759 Requirement already satisfied: click in /opt/venv/lib/python3.13/site-packages (from nwbinspector->dandi-cache-utils==0.1.8) (8.5.0)
#15 6.759 Requirement already satisfied: fsspec in /opt/venv/lib/python3.13/site-packages (from nwbinspector->dandi-cache-utils==0.1.8) (2026.7.0)
#15 6.759 Requirement already satisfied: isodate in /opt/venv/lib/python3.13/site-packages (from nwbinspector->dandi-cache-utils==0.1.8) (0.7.2)
#15 6.759 Requirement already satisfied: natsort in /opt/venv/lib/python3.13/site-packages (from nwbinspector->dandi-cache-utils==0.1.8) (8.4.0)
#15 6.760 Requirement already satisfied: packaging in /opt/venv/lib/python3.13/site-packages (from nwbinspector->dandi-cache-utils==0.1.8) (26.3)
#15 6.760 Requirement already satisfied: pyyaml in /opt/venv/lib/python3.13/site-packages (from nwbinspector->dandi-cache-utils==0.1.8) (6.0.3)
#15 6.760 Requirement already satisfied: requests in /opt/venv/lib/python3.13/site-packages (from nwbinspector->dandi-cache-utils==0.1.8) (2.34.2)
#15 6.761 Requirement already satisfied: tqdm in /opt/venv/lib/python3.13/site-packages (from nwbinspector->dandi-cache-utils==0.1.8) (4.70.1)
#15 6.762 Requirement already satisfied: aiohappyeyeballs>=2.5.0 in /opt/venv/lib/python3.13/site-packages (from aiohttp->nwbinspector->dandi-cache-utils==0.1.8) (2.7.1)
#15 6.762 Requirement already satisfied: aiosignal>=1.4.0 in /opt/venv/lib/python3.13/site-packages (from aiohttp->nwbinspector->dandi-cache-utils==0.1.8) (1.4.0)
#15 6.762 Requirement already satisfied: frozenlist>=1.1.1 in /opt/venv/lib/python3.13/site-packages (from aiohttp->nwbinspector->dandi-cache-utils==0.1.8) (1.8.0)
#15 6.763 Requirement already satisfied: multidict<7.0,>=4.5 in /opt/venv/lib/python3.13/site-packages (from aiohttp->nwbinspector->dandi-cache-utils==0.1.8) (6.8.0)
#15 6.763 Requirement already satisfied: propcache>=0.2.0 in /opt/venv/lib/python3.13/site-packages (from aiohttp->nwbinspector->dandi-cache-utils==0.1.8) (0.5.4)
#15 6.763 Requirement already satisfied: yarl<2.0,>=1.17.0 in /opt/venv/lib/python3.13/site-packages (from aiohttp->nwbinspector->dandi-cache-utils==0.1.8) (1.25.1)
#15 6.766 Requirement already satisfied: idna>=2.0 in /opt/venv/lib/python3.13/site-packages (from yarl<2.0,>=1.17.0->aiohttp->nwbinspector->dandi-cache-utils==0.1.8) (3.20)
#15 6.779 Requirement already satisfied: charset_normalizer<4,>=2 in /opt/venv/lib/python3.13/site-packages (from requests->nwbinspector->dandi-cache-utils==0.1.8) (3.5.1)
#15 6.779 Requirement already satisfied: urllib3<3,>=1.26 in /opt/venv/lib/python3.13/site-packages (from requests->nwbinspector->dandi-cache-utils==0.1.8) (2.8.0)
#15 6.780 Requirement already satisfied: certifi>=2023.5.7 in /opt/venv/lib/python3.13/site-packages (from requests->nwbinspector->dandi-cache-utils==0.1.8) (2026.7.22)
#15 6.783 Requirement already satisfied: rich>=12 in /opt/venv/lib/python3.13/site-packages (from rich-click->dandi-cache-utils==0.1.8) (15.0.0)
#15 6.784 Requirement already satisfied: markdown-it-py>=2.2.0 in /opt/venv/lib/python3.13/site-packages (from rich>=12->rich-click->dandi-cache-utils==0.1.8) (4.2.0)
#15 6.784 Requirement already satisfied: pygments<3.0.0,>=2.13.0 in /opt/venv/lib/python3.13/site-packages (from rich>=12->rich-click->dandi-cache-utils==0.1.8) (2.21.0)
#15 6.786 Requirement already satisfied: mdurl~=0.1 in /opt/venv/lib/python3.13/site-packages (from markdown-it-py>=2.2.0->rich>=12->rich-click->dandi-cache-utils==0.1.8) (0.1.2)
#15 6.856 Collecting aiobotocore<4.0.0,>=2.19.0 (from s3fs->dandi-cache-utils==0.1.8)
#15 6.916   Downloading aiobotocore-3.9.1-py3-none-any.whl.metadata (31 kB)
#15 6.998 Collecting aioitertools<1.0.0,>=0.5.1 (from aiobotocore<4.0.0,>=2.19.0->s3fs->dandi-cache-utils==0.1.8)
#15 7.056   Downloading aioitertools-0.13.0-py3-none-any.whl.metadata (3.3 kB)
#15 7.338 Collecting botocore<1.43.76,>=1.43.66 (from aiobotocore<4.0.0,>=2.19.0->s3fs->dandi-cache-utils==0.1.8)
#15 7.394   Downloading botocore-1.43.75-py3-none-any.whl.metadata (5.6 kB)
#15 7.397 Requirement already satisfied: jmespath<2.0.0,>=0.7.1 in /opt/venv/lib/python3.13/site-packages (from aiobotocore<4.0.0,>=2.19.0->s3fs->dandi-cache-utils==0.1.8) (1.1.0)
#15 7.474 Downloading zarr-2.18.7-py3-none-any.whl (211 kB)
#15 7.646 Downloading numcodecs-0.15.1-cp313-cp313-manylinux_2_17_x86_64.manylinux2014_x86_64.whl (8.8 MB)
#15 8.109    ━━━━━━━━━━━━━━━━━━━━━━━━━━━━━━━━━━━━━━━━ 8.8/8.8 MB 19.5 MB/s eta 0:00:00
#15 8.164 Downloading deprecated-1.3.1-py2.py3-none-any.whl (11 kB)
#15 8.221 Downloading wrapt-2.4.1-cp313-cp313-manylinux1_x86_64.manylinux_2_28_x86_64.manylinux_2_5_x86_64.whl (234 kB)
#15 8.284 Downloading hdmf_zarr-0.13.0-py3-none-any.whl (34 kB)
#15 8.351 Downloading threadpoolctl-3.7.0-py3-none-any.whl (26 kB)
#15 8.411 Downloading remfile-0.1.14-py3-none-any.whl (13 kB)
#15 8.472 Downloading s3fs-2026.7.0-py3-none-any.whl (32 kB)
#15 8.538 Downloading aiobotocore-3.9.1-py3-none-any.whl (102 kB)
#15 8.599 Downloading aioitertools-0.13.0-py3-none-any.whl (24 kB)
#15 8.662 Downloading botocore-1.43.75-py3-none-any.whl (15.7 MB)
#15 8.961    ━━━━━━━━━━━━━━━━━━━━━━━━━━━━━━━━━━━━━━━━ 15.7/15.7 MB 53.2 MB/s eta 0:00:00
#15 9.015 Building wheels for collected packages: dandi-cache-utils, asciitree
#15 9.015   Building wheel for dandi-cache-utils (pyproject.toml): started
#15 9.117   Building wheel for dandi-cache-utils (pyproject.toml): finished with status 'done'
#15 9.118   Created wheel for dandi-cache-utils: filename=dandi_cache_utils-0.1.8-py3-none-any.whl size=47122 sha256=873b215d92cb7078b2d04b33adea0644d701e8f5985f3996848f6446d942c47e
#15 9.118   Stored in directory: /tmp/pip-ephem-wheel-cache-csqo6o_c/wheels/45/1f/8c/2672006fb65fcb4b823d2aad1e9715eca14bdd90457cb3220a
#15 9.120   Building wheel for asciitree (pyproject.toml): started
#15 9.350   Building wheel for asciitree (pyproject.toml): finished with status 'done'
#15 9.351   Created wheel for asciitree: filename=asciitree-0.3.3-py3-none-any.whl size=5097 sha256=1a394cc25743cdd1467e3e49ab698d4e3559579d428c423273bedb50c8223fee
#15 9.351   Stored in directory: /tmp/pip-ephem-wheel-cache-csqo6o_c/wheels/0e/70/f0/bff6301cfa0d49afa79c020bc98c114a9b9c6b3048e62e3200
#15 9.352 Successfully built dandi-cache-utils asciitree
#15 9.409 Installing collected packages: asciitree, wrapt, threadpoolctl, aioitertools, remfile, deprecated, botocore, numcodecs, aiobotocore, zarr, s3fs, dandi-cache-utils, hdmf-zarr
#15 9.471   Attempting uninstall: botocore
#15 9.474     Found existing installation: botocore 1.43.97
#15 9.505     Uninstalling botocore-1.43.97:
#15 10.08       Successfully uninstalled botocore-1.43.97
#15 10.34   Attempting uninstall: numcodecs
#15 10.34     Found existing installation: numcodecs 0.17.0
#15 10.35     Uninstalling numcodecs-0.17.0:
#15 10.35       Successfully uninstalled numcodecs-0.17.0
#15 10.49   Attempting uninstall: zarr
#15 10.49     Found existing installation: zarr 3.1.5
#15 10.50     Uninstalling zarr-3.1.5:
#15 10.52       Successfully uninstalled zarr-3.1.5
#15 10.64   Attempting uninstall: dandi-cache-utils
#15 10.64     Found existing installation: dandi-cache-utils 0.1.8
#15 10.64     Uninstalling dandi-cache-utils-0.1.8:
#15 10.65       Successfully uninstalled dandi-cache-utils-0.1.8
#15 10.67 
#15 10.68 ERROR: pip's dependency resolver does not currently take into account all the packages that are installed. This behaviour is the source of the following dependency conflicts.
#15 10.68 boto3 1.43.97 requires botocore<1.44.0,>=1.43.97, but you have botocore 1.43.75 which is incompatible.
#15 10.68 Successfully installed aiobotocore-3.9.1 aioitertools-0.13.0 asciitree-0.3.3 botocore-1.43.75 dandi-cache-utils-0.1.8 deprecated-1.3.1 hdmf-zarr-0.13.0 numcodecs-0.15.1 remfile-0.1.14 s3fs-2026.7.0 threadpoolctl-3.7.0 wrapt-2.4.1 zarr-2.18.7
#15 DONE 10.9s

#16 exporting to oci image format
#16 exporting layers
#16 exporting layers 1.1s done
#16 exporting manifest sha256:6dae3e1267f245e5aaf1725e9bc7c0d8ef71b6c4f13cbdfccce47c7bd2f2f902
#16 exporting manifest sha256:6dae3e1267f245e5aaf1725e9bc7c0d8ef71b6c4f13cbdfccce47c7bd2f2f902 done
#16 exporting config sha256:1c923304804e36546aee6e17f03c8c38dea8069345ab9ef0f22442d62046ac8c done
#16 sending tarball
#16 sending tarball 1.5s done
#16 DONE 2.6s
