#0 building with "dandi-pixi-bench" instance using docker-container driver

#1 [internal] load build definition from Dockerfile.baseline-runtime
#1 transferring dockerfile: 3.89kB done
#1 DONE 0.0s

#2 resolve image config for docker-image://docker.io/docker/dockerfile:1
#2 DONE 0.2s

#3 docker-image://docker.io/docker/dockerfile:1@sha256:ecfaec9ed6d810b56388c508f4121597bfbba70d41a6dfeee4d8cad5f295fc32
#3 resolve docker.io/docker/dockerfile:1@sha256:ecfaec9ed6d810b56388c508f4121597bfbba70d41a6dfeee4d8cad5f295fc32 done
#3 CACHED

#4 [internal] load metadata for docker.io/library/neurodebian:trixie
#4 DONE 0.1s

#5 [internal] load .dockerignore
#5 transferring context: 77B done
#5 DONE 0.0s

#6 [core 1/7] FROM docker.io/library/neurodebian:trixie@sha256:90442b03d1539d20325c20279ec1b8a05267bdedcbdf3a6a79bab51496096d28
#6 resolve docker.io/library/neurodebian:trixie@sha256:90442b03d1539d20325c20279ec1b8a05267bdedcbdf3a6a79bab51496096d28 done
#6 DONE 0.0s

#7 [internal] load build context
#7 transferring context: 1.62kB done
#7 DONE 0.0s

#8 [core 4/7] COPY repos/dandi-cache-utils/pyproject.toml repos/dandi-cache-utils/README.md /opt/dandi-cache-utils/
#8 CACHED

#9 [core 6/7] RUN chmod +x /opt/dandi-cache-utils/src/dandi_cache_utils/pipeline/*.sh
#9 CACHED

#10 [core 3/7] RUN python3 -m venv "/opt/venv"
#10 CACHED

#11 [core 7/7] RUN pip install "/opt/dandi-cache-utils[s3,archive]"
#11 CACHED

#12 [core 2/7] RUN apt-get update     && apt-get install -y --no-install-recommends         ca-certificates         python3         python3-pip         python3-venv     && rm -rf /var/lib/apt/lists/*
#12 CACHED

#13 [core 5/7] COPY repos/dandi-cache-utils/src /opt/dandi-cache-utils/src
#13 CACHED

#14 [nwb 1/1] RUN pip install "/opt/dandi-cache-utils[nwb]"
#14 CACHED

#15 exporting to docker image format
#15 exporting layers done
#15 exporting manifest sha256:6dae3e1267f245e5aaf1725e9bc7c0d8ef71b6c4f13cbdfccce47c7bd2f2f902 done
#15 exporting config sha256:1c923304804e36546aee6e17f03c8c38dea8069345ab9ef0f22442d62046ac8c done
#15 sending tarball
#15 sending tarball 3.3s done
#15 DONE 3.4s

#16 importing to docker
#16 loading layer 6c4e6c319318 26.67MB / 26.67MB 0.6s done
#16 DONE 0.6s
