..........................................................F............. [ 59%]
.................................................                        [100%]
=================================== FAILURES ===================================
_______ test_every_example_compiles[valid-nwb-file-to-number-of-groups] ________

example = PosixPath('/bench/repos/dandi-cache-utils/docs/examples/valid-nwb-file-to-number-of-groups')

    @pytest.mark.ai_generated
    @pytest.mark.parametrize("example", EXAMPLES, ids=lambda path: path.name)
    def test_every_example_compiles(example):
>       assert compileall.compile_dir(str(example / "code"), quiet=1), f"{example.name} has a syntax error"
E       AssertionError: valid-nwb-file-to-number-of-groups has a syntax error
E       assert False
E        +  where False = <function compile_dir at 0x7fffb068a3e0>('/bench/repos/dandi-cache-utils/docs/examples/valid-nwb-file-to-number-of-groups/code', quiet=1)
E        +    where <function compile_dir at 0x7fffb068a3e0> = compileall.compile_dir
E        +    and   '/bench/repos/dandi-cache-utils/docs/examples/valid-nwb-file-to-number-of-groups/code' = str((PosixPath('/bench/repos/dandi-cache-utils/docs/examples/valid-nwb-file-to-number-of-groups') / 'code'))

tests/test_examples.py:47: AssertionError
----------------------------- Captured stdout call -----------------------------
*** Error compiling '/bench/repos/dandi-cache-utils/docs/examples/valid-nwb-file-to-number-of-groups/code/update.py'...
OSError: [Errno 30] Read-only file system: '/bench/repos/dandi-cache-utils/docs/examples/valid-nwb-file-to-number-of-groups/code/__pycache__'
=========================== short test summary info ============================
FAILED tests/test_examples.py::test_every_example_compiles[valid-nwb-file-to-number-of-groups]
1 failed, 120 passed in 0.34s
WARNING: Running pip as the 'root' user can result in broken permissions and conflicting behaviour with the system package manager, possibly rendering your system unusable. It is recommended to use a virtual environment instead: https://pip.pypa.io/warnings/venv. Use the --root-user-action option if you know what you are doing and want to suppress this warning.
