#0 building with "dandi-pixi-bench" instance using docker-container driver

#1 [internal] load build definition from Dockerfile.pixi
#1 transferring dockerfile: 2.81kB done
#1 DONE 0.0s

#2 resolve image config for docker-image://docker.io/docker/dockerfile:1
#2 DONE 0.1s

#3 docker-image://docker.io/docker/dockerfile:1@sha256:ecfaec9ed6d810b56388c508f4121597bfbba70d41a6dfeee4d8cad5f295fc32
#3 resolve docker.io/docker/dockerfile:1@sha256:ecfaec9ed6d810b56388c508f4121597bfbba70d41a6dfeee4d8cad5f295fc32 done
#3 CACHED

#4 [internal] load metadata for docker.io/library/debian:trixie-slim
#4 DONE 0.1s

#5 [internal] load .dockerignore
#5 transferring context: 77B done
#5 DONE 0.0s

#6 [core-env 1/2] FROM docker.io/library/debian:trixie-slim@sha256:d7e12182ce18b85b93007c1dedf31f2d29e01ccf3182cc4017c709b6259bc132
#6 resolve docker.io/library/debian:trixie-slim@sha256:d7e12182ce18b85b93007c1dedf31f2d29e01ccf3182cc4017c709b6259bc132 done
#6 DONE 0.0s

#7 [internal] load build context
#7 transferring context: 2.48kB done
#7 DONE 0.0s

#8 [core-env 2/2] RUN --mount=type=bind,source=tooling/micromamba,target=/usr/local/bin/micromamba     --mount=type=bind,source=specs/core_linux-64_conda_spec.txt,target=/tmp/core.txt     --mount=type=bind,source=tooling/bootstrap-ca.pem,target=/tmp/bootstrap-ca.pem     micromamba create --ssl-verify /tmp/bootstrap-ca.pem -y -p /opt/env --file /tmp/core.txt     && rm -rf /root/.local/share/mamba /root/.cache
#8 CACHED

#9 [nwb-env 1/1] RUN --mount=type=bind,source=tooling/micromamba,target=/usr/local/bin/micromamba     --mount=type=bind,source=specs/nwb-delta.txt,target=/tmp/nwb.txt     --mount=type=bind,source=specs/remfile.txt,target=/tmp/remfile.txt     micromamba install --ssl-verify /opt/env/ssl/cacert.pem -y -p /opt/env --file /tmp/nwb.txt     && pip install --no-deps --require-hashes -r /tmp/remfile.txt     && rm -rf /root/.local/share/mamba /root/.cache
#9 CACHED

#10 [nwb 1/3] COPY repos/dandi-cache-utils/pyproject.toml repos/dandi-cache-utils/README.md /opt/dandi-cache-utils/
#10 CACHED

#11 [nwb 2/3] COPY repos/dandi-cache-utils/src /opt/dandi-cache-utils/src
#11 CACHED

#12 [nwb 3/3] RUN chmod +x /opt/dandi-cache-utils/src/dandi_cache_utils/pipeline/*.sh     && pip install --no-deps --no-build-isolation /opt/dandi-cache-utils
#12 CACHED

#13 exporting to oci image format
#13 exporting layers 0.0s done
#13 exporting manifest sha256:f76c5bfce6afb11e15589a498952f618f3540b05eabefe1460882caeee00700c done
#13 exporting config sha256:fb41f8cd410622dbef15df91d609935a194952caa31c3694596e81ac36a6b869 done
#13 sending tarball
#13 sending tarball 2.1s done
#13 DONE 2.1s
