#0 building with "dandi-pixi-bench" instance using docker-container driver

#1 [internal] load build definition from Dockerfile.pixi
#1 transferring dockerfile: 2.81kB done
#1 DONE 0.0s

#2 resolve image config for docker-image://docker.io/docker/dockerfile:1
#2 DONE 0.1s

#3 docker-image://docker.io/docker/dockerfile:1@sha256:ecfaec9ed6d810b56388c508f4121597bfbba70d41a6dfeee4d8cad5f295fc32
#3 resolve docker.io/docker/dockerfile:1@sha256:ecfaec9ed6d810b56388c508f4121597bfbba70d41a6dfeee4d8cad5f295fc32 done
#3 CACHED

#4 [internal] load metadata for docker.io/library/debian:trixie-slim
#4 DONE 0.1s

#5 [internal] load .dockerignore
#5 transferring context: 77B done
#5 DONE 0.0s

#6 [core-env 1/2] FROM docker.io/library/debian:trixie-slim@sha256:d7e12182ce18b85b93007c1dedf31f2d29e01ccf3182cc4017c709b6259bc132
#6 resolve docker.io/library/debian:trixie-slim@sha256:d7e12182ce18b85b93007c1dedf31f2d29e01ccf3182cc4017c709b6259bc132 done
#6 DONE 0.0s

#7 [internal] load build context
#7 transferring context: 2.54kB done
#7 DONE 0.0s

#8 [core-env 2/2] RUN --mount=type=bind,source=tooling/micromamba,target=/usr/local/bin/micromamba     --mount=type=bind,source=specs/core_linux-64_conda_spec.txt,target=/tmp/core.txt     --mount=type=bind,source=tooling/bootstrap-ca.pem,target=/tmp/bootstrap-ca.pem     micromamba create --ssl-verify /tmp/bootstrap-ca.pem -y -p /opt/env --file /tmp/core.txt     && rm -rf /root/.local/share/mamba /root/.cache
#8 CACHED

#9 [nwb-env 1/1] RUN --mount=type=bind,source=tooling/micromamba,target=/usr/local/bin/micromamba     --mount=type=bind,source=specs/nwb-delta.txt,target=/tmp/nwb.txt     --mount=type=bind,source=specs/remfile.txt,target=/tmp/remfile.txt     micromamba install --ssl-verify /opt/env/ssl/cacert.pem -y -p /opt/env --file /tmp/nwb.txt     && pip install --no-deps --require-hashes -r /tmp/remfile.txt     && rm -rf /root/.local/share/mamba /root/.cache
#9 CACHED

#10 [aind-env 1/1] RUN --mount=type=bind,source=tooling/micromamba,target=/usr/local/bin/micromamba     --mount=type=bind,source=specs/aind-delta.txt,target=/tmp/aind.txt     micromamba install --ssl-verify /opt/env/ssl/cacert.pem -y -p /opt/env --file /tmp/aind.txt     && rm -rf /root/.local/share/mamba /root/.cache
#10 CACHED

#11 [aind 1/3] COPY repos/dandi-cache-utils/pyproject.toml repos/dandi-cache-utils/README.md /opt/dandi-cache-utils/
#11 CACHED

#12 [aind 2/3] COPY repos/dandi-cache-utils/src /opt/dandi-cache-utils/src
#12 DONE 0.0s

#13 [aind 3/3] RUN chmod +x /opt/dandi-cache-utils/src/dandi_cache_utils/pipeline/*.sh     && pip install --no-deps --no-build-isolation /opt/dandi-cache-utils
#13 0.365 Processing ./opt/dandi-cache-utils
#13 0.367   Preparing metadata (pyproject.toml): started
#13 0.538   Preparing metadata (pyproject.toml): finished with status 'done'
#13 0.542 Building wheels for collected packages: dandi-cache-utils
#13 0.543   Building wheel for dandi-cache-utils (pyproject.toml): started
#13 0.640   Building wheel for dandi-cache-utils (pyproject.toml): finished with status 'done'
#13 0.641   Created wheel for dandi-cache-utils: filename=dandi_cache_utils-0.1.8-py3-none-any.whl size=47151 sha256=33d898bbcce277c007b0c504f1e53faed6b20bb0f9969a5bc282fa6f72c711df
#13 0.641   Stored in directory: /tmp/pip-ephem-wheel-cache-rzzfmpef/wheels/45/1f/8c/2672006fb65fcb4b823d2aad1e9715eca14bdd90457cb3220a
#13 0.645 Successfully built dandi-cache-utils
#13 0.653 Installing collected packages: dandi-cache-utils
#13 0.686 Successfully installed dandi-cache-utils-0.1.8
#13 0.686 WARNING: Running pip as the 'root' user can result in broken permissions and conflicting behaviour with the system package manager, possibly rendering your system unusable. It is recommended to use a virtual environment instead: https://pip.pypa.io/warnings/venv. Use the --root-user-action option if you know what you are doing and want to suppress this warning.
#13 DONE 0.7s

#14 exporting to oci image format
#14 exporting layers 0.0s done
#14 exporting manifest sha256:b0904490672f05310881a051bbd36d251a4a30e9515dcbd41fc005af3783925b
#14 exporting manifest sha256:b0904490672f05310881a051bbd36d251a4a30e9515dcbd41fc005af3783925b done
#14 exporting config sha256:34e98a0febc42eb34080fa55df49912b56158b1995124c6b9de06721cc1e2a4d done
#14 sending tarball
#14 sending tarball 2.5s done
#14 DONE 2.5s
