#0 building with "dandi-pixi-bench" instance using docker-container driver

#1 [internal] load build definition from Dockerfile.pixi
#1 transferring dockerfile: 2.81kB done
#1 DONE 0.0s

#2 [auth] docker/dockerfile:pull token for registry-1.docker.io
#2 DONE 0.0s

#3 resolve image config for docker-image://docker.io/docker/dockerfile:1
#3 DONE 0.4s

#4 docker-image://docker.io/docker/dockerfile:1@sha256:ecfaec9ed6d810b56388c508f4121597bfbba70d41a6dfeee4d8cad5f295fc32
#4 resolve docker.io/docker/dockerfile:1@sha256:ecfaec9ed6d810b56388c508f4121597bfbba70d41a6dfeee4d8cad5f295fc32 done
#4 CACHED

#5 [internal] load metadata for docker.io/library/debian:trixie-slim
#5 DONE 0.1s

#6 [internal] load .dockerignore
#6 transferring context: 77B done
#6 DONE 0.0s

#7 [core-env 1/2] FROM docker.io/library/debian:trixie-slim@sha256:d7e12182ce18b85b93007c1dedf31f2d29e01ccf3182cc4017c709b6259bc132
#7 resolve docker.io/library/debian:trixie-slim@sha256:d7e12182ce18b85b93007c1dedf31f2d29e01ccf3182cc4017c709b6259bc132 done
#7 DONE 0.0s

#8 [internal] load build context
#8 transferring context: 2.48kB done
#8 DONE 0.0s

#9 [core-env 2/2] RUN --mount=type=bind,source=tooling/micromamba,target=/usr/local/bin/micromamba     --mount=type=bind,source=specs/core_linux-64_conda_spec.txt,target=/tmp/core.txt     --mount=type=bind,source=tooling/bootstrap-ca.pem,target=/tmp/bootstrap-ca.pem     micromamba create --ssl-verify /tmp/bootstrap-ca.pem -y -p /opt/env --file /tmp/core.txt     && rm -rf /root/.local/share/mamba /root/.cache
#9 CACHED

#10 [nwb 1/3] COPY repos/dandi-cache-utils/pyproject.toml repos/dandi-cache-utils/README.md /opt/dandi-cache-utils/
#10 CACHED

#11 [nwb-env 1/1] RUN --mount=type=bind,source=tooling/micromamba,target=/usr/local/bin/micromamba     --mount=type=bind,source=specs/nwb-delta.txt,target=/tmp/nwb.txt     --mount=type=bind,source=specs/remfile.txt,target=/tmp/remfile.txt     micromamba install --ssl-verify /opt/env/ssl/cacert.pem -y -p /opt/env --file /tmp/nwb.txt     && pip install --no-deps --require-hashes -r /tmp/remfile.txt     && rm -rf /root/.local/share/mamba /root/.cache
#11 CACHED

#12 [nwb 2/3] COPY repos/dandi-cache-utils/src /opt/dandi-cache-utils/src
#12 CACHED

#13 [nwb 3/3] RUN chmod +x /opt/dandi-cache-utils/src/dandi_cache_utils/pipeline/*.sh     && pip install --no-deps --no-build-isolation /opt/dandi-cache-utils
#13 CACHED

#14 exporting to docker image format
#14 exporting layers done
#14 exporting manifest sha256:7c03328645f595e451629dd5f7516aa3426f758669837a50618c6ae33ab68e49 done
#14 exporting config sha256:6db0bd18c9be0142d256fe7f91a554da23bfe2b6c56890acd7f379ce052fc1b1 done
#14 sending tarball
#14 sending tarball 4.0s done
#14 DONE 4.0s

#15 importing to docker
#15 loading layer 7c326570b012 471.40kB / 471.40kB 0.1s done
#15 loading layer cd311a781390 2.67kB / 2.67kB 0.0s done
#15 loading layer 56a8e68893fc 36.74kB / 36.74kB 0.0s done
#15 loading layer 5a182eb2416f 105.49kB / 105.49kB 0.0s done
#15 DONE 0.1s
