#0 building with "dandi-pixi-bench" instance using docker-container driver

#1 [internal] load build definition from Dockerfile.runtime
#1 transferring dockerfile: 2.85kB done
#1 DONE 0.0s

#2 resolve image config for docker-image://docker.io/docker/dockerfile:1
#2 DONE 0.2s

#3 docker-image://docker.io/docker/dockerfile:1@sha256:ecfaec9ed6d810b56388c508f4121597bfbba70d41a6dfeee4d8cad5f295fc32
#3 resolve docker.io/docker/dockerfile:1@sha256:ecfaec9ed6d810b56388c508f4121597bfbba70d41a6dfeee4d8cad5f295fc32 done
#3 CACHED

#4 [internal] load metadata for docker.io/library/debian:trixie-slim
#4 DONE 0.1s

#5 [internal] load .dockerignore
#5 transferring context: 77B done
#5 DONE 0.0s

#6 [core-env 1/2] FROM docker.io/library/debian:trixie-slim@sha256:d7e12182ce18b85b93007c1dedf31f2d29e01ccf3182cc4017c709b6259bc132
#6 resolve docker.io/library/debian:trixie-slim@sha256:d7e12182ce18b85b93007c1dedf31f2d29e01ccf3182cc4017c709b6259bc132 done
#6 DONE 0.0s

#7 [internal] load build context
#7 transferring context: 2.54kB done
#7 DONE 0.0s

#8 [core-env 2/2] RUN --mount=type=bind,source=tooling/micromamba,target=/usr/local/bin/micromamba     --mount=type=bind,source=runtime/specs/core_linux-64_conda_spec.txt,target=/tmp/core.txt     --mount=type=bind,source=tooling/bootstrap-ca.pem,target=/tmp/bootstrap-ca.pem     micromamba create --ssl-verify /tmp/bootstrap-ca.pem -y -p /opt/env --file /tmp/core.txt     && rm -rf /root/.local/share/mamba /root/.cache
#8 CACHED

#9 [nwb-env 1/1] RUN --mount=type=bind,source=tooling/micromamba,target=/usr/local/bin/micromamba     --mount=type=bind,source=runtime/specs/nwb-delta.txt,target=/tmp/nwb.txt     --mount=type=bind,source=runtime/specs/remfile.txt,target=/tmp/remfile.txt     micromamba install --ssl-verify /opt/env/ssl/cacert.pem -y -p /opt/env --file /tmp/nwb.txt     && pip install --no-deps --require-hashes -r /tmp/remfile.txt     && rm -rf /root/.local/share/mamba /root/.cache
#9 0.848 Transaction
#9 0.848 
#9 0.848   Prefix: /opt/env
#9 0.848 
#9 0.848   Updating specs:
#9 0.848 
#9 0.848    - aiobotocore==3.9.1=pyh5ded981_0
#9 0.848    - aioitertools==0.13.0=pyhd8ed1ab_0
#9 0.848    - s3fs==2026.7.0=pyhd8ed1ab_0
#9 0.848 
#9 0.848 
#9 0.851   Package          Version  Build         Channel         Size
#9 0.851 ────────────────────────────────────────────────────────────────
#9 0.851   Install:
#9 0.851 ────────────────────────────────────────────────────────────────
#9 0.851 
#9 0.851   + aiobotocore      3.9.1  pyh5ded981_0  conda-forge         
#9 0.851   + aioitertools    0.13.0  pyhd8ed1ab_0  conda-forge         
#9 0.851   + s3fs          2026.7.0  pyhd8ed1ab_0  conda-forge         
#9 0.851 
#9 0.851   Summary:
#9 0.851 
#9 0.851   Install: 3 packages
#9 0.851 
#9 0.851   Total download: 0 B
#9 0.851 
#9 0.851 ────────────────────────────────────────────────────────────────
#9 0.851 
#9 0.851 
#9 0.851 warning  libmamba Security Warning: This transaction includes executing package scripts (pre/post-link/unlink) if present. These scripts can contain arbitrary code. Please ensure you trust the package sources.
#9 0.853 
#9 0.853 Transaction starting
#9 1.256 Linking aiobotocore-3.9.1-pyh5ded981_0
#9 1.267 Linking aioitertools-0.13.0-pyhd8ed1ab_0
#9 1.268 Linking s3fs-2026.7.0-pyhd8ed1ab_0
#9 1.594 
#9 1.594 Transaction finished
#9 1.594 
#9 1.888 Collecting remfile==0.1.14 (from -r /tmp/remfile.txt (line 1))
#9 2.152   Downloading remfile-0.1.14-py3-none-any.whl (13 kB)
#9 2.172 Installing collected packages: remfile
#9 2.193 Successfully installed remfile-0.1.14
#9 2.193 WARNING: Running pip as the 'root' user can result in broken permissions and conflicting behaviour with the system package manager, possibly rendering your system unusable. It is recommended to use a virtual environment instead: https://pip.pypa.io/warnings/venv. Use the --root-user-action option if you know what you are doing and want to suppress this warning.
#9 DONE 2.3s

#10 [nwb 1/3] COPY repos/dandi-cache-utils/pyproject.toml repos/dandi-cache-utils/README.md /opt/dandi-cache-utils/
#10 DONE 0.0s

#11 [nwb 2/3] COPY repos/dandi-cache-utils/src /opt/dandi-cache-utils/src
#11 DONE 0.0s

#12 [nwb 3/3] RUN chmod +x /opt/dandi-cache-utils/src/dandi_cache_utils/pipeline/*.sh     && pip install --no-deps --no-build-isolation /opt/dandi-cache-utils
#12 0.345 Processing ./opt/dandi-cache-utils
#12 0.348   Preparing metadata (pyproject.toml): started
#12 0.522   Preparing metadata (pyproject.toml): finished with status 'done'
#12 0.528 Building wheels for collected packages: dandi-cache-utils
#12 0.528   Building wheel for dandi-cache-utils (pyproject.toml): started
#12 0.624   Building wheel for dandi-cache-utils (pyproject.toml): finished with status 'done'
#12 0.625   Created wheel for dandi-cache-utils: filename=dandi_cache_utils-0.1.8-py3-none-any.whl size=47122 sha256=bd26207ae68554dd3ac0590f1007fde1c6f5c55fa1b5d575f014490771532d87
#12 0.625   Stored in directory: /tmp/pip-ephem-wheel-cache-268yz4s8/wheels/45/1f/8c/2672006fb65fcb4b823d2aad1e9715eca14bdd90457cb3220a
#12 0.629 Successfully built dandi-cache-utils
#12 0.636 Installing collected packages: dandi-cache-utils
#12 0.666 Successfully installed dandi-cache-utils-0.1.8
#12 0.666 WARNING: Running pip as the 'root' user can result in broken permissions and conflicting behaviour with the system package manager, possibly rendering your system unusable. It is recommended to use a virtual environment instead: https://pip.pypa.io/warnings/venv. Use the --root-user-action option if you know what you are doing and want to suppress this warning.
#12 DONE 0.7s

#13 exporting to oci image format
#13 exporting layers 0.0s done
#13 exporting manifest sha256:4bb6c3292254e5dc304d3979b8fd26982cea7ce70c23d57ea1b64e254d0f341a
#13 exporting manifest sha256:4bb6c3292254e5dc304d3979b8fd26982cea7ce70c23d57ea1b64e254d0f341a done
#13 exporting config sha256:e594623b5c523809d3c773289951b48f9bff35ffb61f3f8c7ae90ece5e0f9dc0 done
#13 sending tarball
#13 sending tarball 1.5s done
#13 DONE 1.6s
